stdin is not a terminal device. Keyboard handling disabled.[INFO] [1790269323.318524192] [rosbag2_recorder]: Press SPACE for pausing/resuming
[INFO] [1790269323.319622115] [rosbag2_storage]: Opened database '/home/vmbasvi/HALO_ARCHIVAL_TOOL/archives/20260924_170120_UTC_five_drone_30s_rosbag_px4/drones/D0012/ros_bags/20260924_170120_UTC_five_drone_30s_rosbag_px4__D0012_ground_rosbag/20260924_170120_UTC_five_drone_30s_rosbag_px4__D0012_ground_rosbag_0.db3' for READ_WRITE.
[INFO] [1790269323.320034181] [rosbag2_recorder]: Listening for topics...
[INFO] [1790269323.320076563] [rosbag2_recorder]: Event publisher thread: Starting
[INFO] [1790269323.320514645] [rosbag2_recorder]: Subscribed to topic '/rosout'
[INFO] [1790269323.320891537] [rosbag2_recorder]: Subscribed to topic '/events/write_split'
[INFO] [1790269323.320945349] [rosbag2_recorder]: Recording...
[INFO] [1790269323.421888602] [rosbag2_recorder]: Subscribed to topic '/parameter_events'
[INFO] [1790269323.523682775] [rosbag2_recorder]: Subscribed to topic '/fmu/out/position_setpoint_triplet'
[INFO] [1790269323.524216636] [rosbag2_recorder]: Subscribed to topic '/fmu/out/battery_status'
[INFO] [1790269323.524647369] [rosbag2_recorder]: Subscribed to topic '/fmu/out/sensor_combined'
[INFO] [1790269323.525148648] [rosbag2_recorder]: Subscribed to topic '/fmu/out/failsafe_flags'
[INFO] [1790269323.525547066] [rosbag2_recorder]: Subscribed to topic '/fmu/out/timesync_status'
[INFO] [1790269323.525986559] [rosbag2_recorder]: Subscribed to topic '/fmu/out/vehicle_control_mode'
[INFO] [1790269323.526420243] [rosbag2_recorder]: Subscribed to topic '/fmu/out/vehicle_attitude'
[INFO] [1790269323.526945360] [rosbag2_recorder]: Subscribed to topic '/fmu/out/vehicle_local_position'
[INFO] [1790269323.527381130] [rosbag2_recorder]: Subscribed to topic '/fmu/out/vehicle_odometry'
[INFO] [1790269323.527871136] [rosbag2_recorder]: Subscribed to topic '/fmu/out/vehicle_status'
[37;1m2026-09-24 13:02:03.997 [31;1m[[37;1mRTPS_READER_HISTORY[31;1m Error] [37mChange payload size of '92' bytes is larger than the history payload size of '87' bytes and cannot be resized.[34;1m -> Function [36mcan_change_be_added_nts[m
[37;1m2026-09-24 13:02:04.547 [31;1m[[37;1mRTPS_READER_HISTORY[31;1m Error] [37mChange payload size of '92' bytes is larger than the history payload size of '87' bytes and cannot be resized.[34;1m -> Function [36mcan_change_be_added_nts[m
[37;1m2026-09-24 13:02:05.076 [31;1m[[37;1mRTPS_READER_HISTORY[31;1m Error] [37mChange payload size of '92' bytes is larger than the history payload size of '87' bytes and cannot be resized.[34;1m -> Function [36mcan_change_be_added_nts[m
[37;1m2026-09-24 13:02:05.594 [31;1m[[37;1mRTPS_READER_HISTORY[31;1m Error] [37mChange payload size of '92' bytes is larger than the history payload size of '87' bytes and cannot be resized.[34;1m -> Function [36mcan_change_be_added_nts[m
[37;1m2026-09-24 13:02:06.120 [31;1m[[37;1mRTPS_READER_HISTORY[31;1m Error] [37mChange payload size of '92' bytes is larger than the history payload size of '87' bytes and cannot be resized.[34;1m -> Function [36mcan_change_be_added_nts[m
[37;1m2026-09-24 13:02:06.656 [31;1m[[37;1mRTPS_READER_HISTORY[31;1m Error] [37mChange payload size of '92' bytes is larger than the history payload size of '87' bytes and cannot be resized.[34;1m -> Function [36mcan_change_be_added_nts[m
[37;1m2026-09-24 13:02:07.186 [31;1m[[37;1mRTPS_READER_HISTORY[31;1m Error] [37mChange payload size of '92' bytes is larger than the history payload size of '87' bytes and cannot be resized.[34;1m -> Function [36mcan_change_be_added_nts[m
[37;1m2026-09-24 13:02:07.709 [31;1m[[37;1mRTPS_READER_HISTORY[31;1m Error] [37mChange payload size of '92' bytes is larger than the history payload size of '87' bytes and cannot be resized.[34;1m -> Function [36mcan_change_be_added_nts[m
[37;1m2026-09-24 13:02:08.229 [31;1m[[37;1mRTPS_READER_HISTORY[31;1m Error] [37mChange payload size of '92' bytes is larger than the history payload size of '87' bytes and cannot be resized.[34;1m -> Function [36mcan_change_be_added_nts[m
[37;1m2026-09-24 13:02:08.773 [31;1m[[37;1mRTPS_READER_HISTORY[31;1m Error] [37mChange payload size of '92' bytes is larger than the history payload size of '87' bytes and cannot be resized.[34;1m -> Function [36mcan_change_be_added_nts[m
[37;1m2026-09-24 13:02:09.300 [31;1m[[37;1mRTPS_READER_HISTORY[31;1m Error] [37mChange payload size of '92' bytes is larger than the history payload size of '87' bytes and cannot be resized.[34;1m -> Function [36mcan_change_be_added_nts[m
[37;1m2026-09-24 13:02:09.831 [31;1m[[37;1mRTPS_READER_HISTORY[31;1m Error] [37mChange payload size of '92' bytes is larger than the history payload size of '87' bytes and cannot be resized.[34;1m -> Function [36mcan_change_be_added_nts[m
[37;1m2026-09-24 13:02:10.370 [31;1m[[37;1mRTPS_READER_HISTORY[31;1m Error] [37mChange payload size of '92' bytes is larger than the history payload size of '87' bytes and cannot be resized.[34;1m -> Function [36mcan_change_be_added_nts[m
[37;1m2026-09-24 13:02:10.916 [31;1m[[37;1mRTPS_READER_HISTORY[31;1m Error] [37mChange payload size of '92' bytes is larger than the history payload size of '87' bytes and cannot be resized.[34;1m -> Function [36mcan_change_be_added_nts[m
[37;1m2026-09-24 13:02:11.453 [31;1m[[37;1mRTPS_READER_HISTORY[31;1m Error] [37mChange payload size of '92' bytes is larger than the history payload size of '87' bytes and cannot be resized.[34;1m -> Function [36mcan_change_be_added_nts[m
[37;1m2026-09-24 13:02:11.969 [31;1m[[37;1mRTPS_READER_HISTORY[31;1m Error] [37mChange payload size of '92' bytes is larger than the history payload size of '87' bytes and cannot be resized.[34;1m -> Function [36mcan_change_be_added_nts[m
[37;1m2026-09-24 13:02:12.502 [31;1m[[37;1mRTPS_READER_HISTORY[31;1m Error] [37mChange payload size of '92' bytes is larger than the history payload size of '87' bytes and cannot be resized.[34;1m -> Function [36mcan_change_be_added_nts[m
[37;1m2026-09-24 13:02:13.063 [31;1m[[37;1mRTPS_READER_HISTORY[31;1m Error] [37mChange payload size of '92' bytes is larger than the history payload size of '87' bytes and cannot be resized.[34;1m -> Function [36mcan_change_be_added_nts[m
[37;1m2026-09-24 13:02:13.580 [31;1m[[37;1mRTPS_READER_HISTORY[31;1m Error] [37mChange payload size of '92' bytes is larger than the history payload size of '87' bytes and cannot be resized.[34;1m -> Function [36mcan_change_be_added_nts[m
[37;1m2026-09-24 13:02:14.106 [31;1m[[37;1mRTPS_READER_HISTORY[31;1m Error] [37mChange payload size of '92' bytes is larger than the history payload size of '87' bytes and cannot be resized.[34;1m -> Function [36mcan_change_be_added_nts[m
[37;1m2026-09-24 13:02:14.669 [31;1m[[37;1mRTPS_READER_HISTORY[31;1m Error] [37mChange payload size of '92' bytes is larger than the history payload size of '87' bytes and cannot be resized.[34;1m -> Function [36mcan_change_be_added_nts[m
[37;1m2026-09-24 13:02:15.348 [31;1m[[37;1mRTPS_READER_HISTORY[31;1m Error] [37mChange payload size of '92' bytes is larger than the history payload size of '87' bytes and cannot be resized.[34;1m -> Function [36mcan_change_be_added_nts[m
[37;1m2026-09-24 13:02:15.705 [31;1m[[37;1mRTPS_READER_HISTORY[31;1m Error] [37mChange payload size of '92' bytes is larger than the history payload size of '87' bytes and cannot be resized.[34;1m -> Function [36mcan_change_be_added_nts[m
[37;1m2026-09-24 13:02:16.230 [31;1m[[37;1mRTPS_READER_HISTORY[31;1m Error] [37mChange payload size of '92' bytes is larger than the history payload size of '87' bytes and cannot be resized.[34;1m -> Function [36mcan_change_be_added_nts[m
[37;1m2026-09-24 13:02:16.780 [31;1m[[37;1mRTPS_READER_HISTORY[31;1m Error] [37mChange payload size of '92' bytes is larger than the history payload size of '87' bytes and cannot be resized.[34;1m -> Function [36mcan_change_be_added_nts[m
[37;1m2026-09-24 13:02:17.294 [31;1m[[37;1mRTPS_READER_HISTORY[31;1m Error] [37mChange payload size of '92' bytes is larger than the history payload size of '87' bytes and cannot be resized.[34;1m -> Function [36mcan_change_be_added_nts[m
[37;1m2026-09-24 13:02:17.819 [31;1m[[37;1mRTPS_READER_HISTORY[31;1m Error] [37mChange payload size of '92' bytes is larger than the history payload size of '87' bytes and cannot be resized.[34;1m -> Function [36mcan_change_be_added_nts[m
[37;1m2026-09-24 13:02:18.361 [31;1m[[37;1mRTPS_READER_HISTORY[31;1m Error] [37mChange payload size of '92' bytes is larger than the history payload size of '87' bytes and cannot be resized.[34;1m -> Function [36mcan_change_be_added_nts[m
[37;1m2026-09-24 13:02:18.878 [31;1m[[37;1mRTPS_READER_HISTORY[31;1m Error] [37mChange payload size of '92' bytes is larger than the history payload size of '87' bytes and cannot be resized.[34;1m -> Function [36mcan_change_be_added_nts[m
[37;1m2026-09-24 13:02:19.404 [31;1m[[37;1mRTPS_READER_HISTORY[31;1m Error] [37mChange payload size of '92' bytes is larger than the history payload size of '87' bytes and cannot be resized.[34;1m -> Function [36mcan_change_be_added_nts[m
[37;1m2026-09-24 13:02:19.921 [31;1m[[37;1mRTPS_READER_HISTORY[31;1m Error] [37mChange payload size of '92' bytes is larger than the history payload size of '87' bytes and cannot be resized.[34;1m -> Function [36mcan_change_be_added_nts[m
[37;1m2026-09-24 13:02:20.453 [31;1m[[37;1mRTPS_READER_HISTORY[31;1m Error] [37mChange payload size of '92' bytes is larger than the history payload size of '87' bytes and cannot be resized.[34;1m -> Function [36mcan_change_be_added_nts[m
[37;1m2026-09-24 13:02:20.990 [31;1m[[37;1mRTPS_READER_HISTORY[31;1m Error] [37mChange payload size of '92' bytes is larger than the history payload size of '87' bytes and cannot be resized.[34;1m -> Function [36mcan_change_be_added_nts[m
[37;1m2026-09-24 13:02:21.508 [31;1m[[37;1mRTPS_READER_HISTORY[31;1m Error] [37mChange payload size of '92' bytes is larger than the history payload size of '87' bytes and cannot be resized.[34;1m -> Function [36mcan_change_be_added_nts[m
[37;1m2026-09-24 13:02:22.034 [31;1m[[37;1mRTPS_READER_HISTORY[31;1m Error] [37mChange payload size of '92' bytes is larger than the history payload size of '87' bytes and cannot be resized.[34;1m -> Function [36mcan_change_be_added_nts[m
[37;1m2026-09-24 13:02:22.556 [31;1m[[37;1mRTPS_READER_HISTORY[31;1m Error] [37mChange payload size of '92' bytes is larger than the history payload size of '87' bytes and cannot be resized.[34;1m -> Function [36mcan_change_be_added_nts[m
[37;1m2026-09-24 13:02:23.082 [31;1m[[37;1mRTPS_READER_HISTORY[31;1m Error] [37mChange payload size of '92' bytes is larger than the history payload size of '87' bytes and cannot be resized.[34;1m -> Function [36mcan_change_be_added_nts[m
[37;1m2026-09-24 13:02:23.593 [31;1m[[37;1mRTPS_READER_HISTORY[31;1m Error] [37mChange payload size of '92' bytes is larger than the history payload size of '87' bytes and cannot be resized.[34;1m -> Function [36mcan_change_be_added_nts[m
[37;1m2026-09-24 13:02:27.460 [31;1m[[37;1mRTPS_READER_HISTORY[31;1m Error] [37mChange payload size of '92' bytes is larger than the history payload size of '87' bytes and cannot be resized.[34;1m -> Function [36mcan_change_be_added_nts[m
[37;1m2026-09-24 13:02:27.486 [31;1m[[37;1mRTPS_READER_HISTORY[31;1m Error] [37mChange payload size of '92' bytes is larger than the history payload size of '87' bytes and cannot be resized.[34;1m -> Function [36mcan_change_be_added_nts[m
[37;1m2026-09-24 13:02:27.494 [31;1m[[37;1mRTPS_READER_HISTORY[31;1m Error] [37mChange payload size of '92' bytes is larger than the history payload size of '87' bytes and cannot be resized.[34;1m -> Function [36mcan_change_be_added_nts[m
[37;1m2026-09-24 13:02:27.502 [31;1m[[37;1mRTPS_READER_HISTORY[31;1m Error] [37mChange payload size of '92' bytes is larger than the history payload size of '87' bytes and cannot be resized.[34;1m -> Function [36mcan_change_be_added_nts[m
[37;1m2026-09-24 13:02:27.613 [31;1m[[37;1mRTPS_READER_HISTORY[31;1m Error] [37mChange payload size of '92' bytes is larger than the history payload size of '87' bytes and cannot be resized.[34;1m -> Function [36mcan_change_be_added_nts[m
[37;1m2026-09-24 13:02:40.973 [31;1m[[37;1mRTPS_READER_HISTORY[31;1m Error] [37mChange payload size of '92' bytes is larger than the history payload size of '87' bytes and cannot be resized.[34;1m -> Function [36mcan_change_be_added_nts[m
[37;1m2026-09-24 13:02:41.513 [31;1m[[37;1mRTPS_READER_HISTORY[31;1m Error] [37mChange payload size of '92' bytes is larger than the history payload size of '87' bytes and cannot be resized.[34;1m -> Function [36mcan_change_be_added_nts[m
[37;1m2026-09-24 13:02:42.027 [31;1m[[37;1mRTPS_READER_HISTORY[31;1m Error] [37mChange payload size of '92' bytes is larger than the history payload size of '87' bytes and cannot be resized.[34;1m -> Function [36mcan_change_be_added_nts[m
[37;1m2026-09-24 13:02:42.564 [31;1m[[37;1mRTPS_READER_HISTORY[31;1m Error] [37mChange payload size of '92' bytes is larger than the history payload size of '87' bytes and cannot be resized.[34;1m -> Function [36mcan_change_be_added_nts[m
[37;1m2026-09-24 13:02:43.095 [31;1m[[37;1mRTPS_READER_HISTORY[31;1m Error] [37mChange payload size of '92' bytes is larger than the history payload size of '87' bytes and cannot be resized.[34;1m -> Function [36mcan_change_be_added_nts[m
[37;1m2026-09-24 13:02:43.628 [31;1m[[37;1mRTPS_READER_HISTORY[31;1m Error] [37mChange payload size of '92' bytes is larger than the history payload size of '87' bytes and cannot be resized.[34;1m -> Function [36mcan_change_be_added_nts[m
[37;1m2026-09-24 13:02:44.149 [31;1m[[37;1mRTPS_READER_HISTORY[31;1m Error] [37mChange payload size of '92' bytes is larger than the history payload size of '87' bytes and cannot be resized.[34;1m -> Function [36mcan_change_be_added_nts[m
[37;1m2026-09-24 13:02:44.735 [31;1m[[37;1mRTPS_READER_HISTORY[31;1m Error] [37mChange payload size of '92' bytes is larger than the history payload size of '87' bytes and cannot be resized.[34;1m -> Function [36mcan_change_be_added_nts[m
[37;1m2026-09-24 13:02:45.213 [31;1m[[37;1mRTPS_READER_HISTORY[31;1m Error] [37mChange payload size of '92' bytes is larger than the history payload size of '87' bytes and cannot be resized.[34;1m -> Function [36mcan_change_be_added_nts[m
[37;1m2026-09-24 13:02:45.434 [31;1m[[37;1mRTPS_READER_HISTORY[31;1m Error] [37mChange payload size of '92' bytes is larger than the history payload size of '87' bytes and cannot be resized.[34;1m -> Function [36mcan_change_be_added_nts[m
[37;1m2026-09-24 13:02:45.535 [31;1m[[37;1mRTPS_READER_HISTORY[31;1m Error] [37mChange payload size of '92' bytes is larger than the history payload size of '87' bytes and cannot be resized.[34;1m -> Function [36mcan_change_be_added_nts[m
[37;1m2026-09-24 13:02:46.194 [31;1m[[37;1mRTPS_READER_HISTORY[31;1m Error] [37mChange payload size of '92' bytes is larger than the history payload size of '87' bytes and cannot be resized.[34;1m -> Function [36mcan_change_be_added_nts[m
[37;1m2026-09-24 13:02:46.583 [31;1m[[37;1mRTPS_READER_HISTORY[31;1m Error] [37mChange payload size of '92' bytes is larger than the history payload size of '87' bytes and cannot be resized.[34;1m -> Function [36mcan_change_be_added_nts[m
[37;1m2026-09-24 13:02:47.106 [31;1m[[37;1mRTPS_READER_HISTORY[31;1m Error] [37mChange payload size of '92' bytes is larger than the history payload size of '87' bytes and cannot be resized.[34;1m -> Function [36mcan_change_be_added_nts[m
[37;1m2026-09-24 13:02:47.686 [31;1m[[37;1mRTPS_READER_HISTORY[31;1m Error] [37mChange payload size of '92' bytes is larger than the history payload size of '87' bytes and cannot be resized.[34;1m -> Function [36mcan_change_be_added_nts[m
[37;1m2026-09-24 13:02:49.118 [31;1m[[37;1mRTPS_READER_HISTORY[31;1m Error] [37mChange payload size of '92' bytes is larger than the history payload size of '87' bytes and cannot be resized.[34;1m -> Function [36mcan_change_be_added_nts[m
[37;1m2026-09-24 13:02:49.129 [31;1m[[37;1mRTPS_READER_HISTORY[31;1m Error] [37mChange payload size of '92' bytes is larger than the history payload size of '87' bytes and cannot be resized.[34;1m -> Function [36mcan_change_be_added_nts[m
[37;1m2026-09-24 13:02:49.210 [31;1m[[37;1mRTPS_READER_HISTORY[31;1m Error] [37mChange payload size of '92' bytes is larger than the history payload size of '87' bytes and cannot be resized.[34;1m -> Function [36mcan_change_be_added_nts[m
[37;1m2026-09-24 13:02:49.736 [31;1m[[37;1mRTPS_READER_HISTORY[31;1m Error] [37mChange payload size of '92' bytes is larger than the history payload size of '87' bytes and cannot be resized.[34;1m -> Function [36mcan_change_be_added_nts[m
[37;1m2026-09-24 13:02:50.273 [31;1m[[37;1mRTPS_READER_HISTORY[31;1m Error] [37mChange payload size of '92' bytes is larger than the history payload size of '87' bytes and cannot be resized.[34;1m -> Function [36mcan_change_be_added_nts[m
[37;1m2026-09-24 13:02:50.794 [31;1m[[37;1mRTPS_READER_HISTORY[31;1m Error] [37mChange payload size of '92' bytes is larger than the history payload size of '87' bytes and cannot be resized.[34;1m -> Function [36mcan_change_be_added_nts[m
[37;1m2026-09-24 13:02:52.204 [31;1m[[37;1mRTPS_READER_HISTORY[31;1m Error] [37mChange payload size of '92' bytes is larger than the history payload size of '87' bytes and cannot be resized.[34;1m -> Function [36mcan_change_be_added_nts[m
[37;1m2026-09-24 13:02:55.256 [31;1m[[37;1mRTPS_READER_HISTORY[31;1m Error] [37mChange payload size of '92' bytes is larger than the history payload size of '87' bytes and cannot be resized.[34;1m -> Function [36mcan_change_be_added_nts[m
[37;1m2026-09-24 13:02:57.574 [31;1m[[37;1mRTPS_READER_HISTORY[31;1m Error] [37mChange payload size of '92' bytes is larger than the history payload size of '87' bytes and cannot be resized.[34;1m -> Function [36mcan_change_be_added_nts[m
[37;1m2026-09-24 13:02:57.574 [31;1m[[37;1mRTPS_READER_HISTORY[31;1m Error] [37mChange payload size of '92' bytes is larger than the history payload size of '87' bytes and cannot be resized.[34;1m -> Function [36mcan_change_be_added_nts[m
[37;1m2026-09-24 13:02:57.615 [31;1m[[37;1mRTPS_READER_HISTORY[31;1m Error] [37mChange payload size of '92' bytes is larger than the history payload size of '87' bytes and cannot be resized.[34;1m -> Function [36mcan_change_be_added_nts[m
[37;1m2026-09-24 13:02:57.683 [31;1m[[37;1mRTPS_READER_HISTORY[31;1m Error] [37mChange payload size of '92' bytes is larger than the history payload size of '87' bytes and cannot be resized.[34;1m -> Function [36mcan_change_be_added_nts[m
[37;1m2026-09-24 13:03:01.441 [31;1m[[37;1mRTPS_READER_HISTORY[31;1m Error] [37mChange payload size of '92' bytes is larger than the history payload size of '87' bytes and cannot be resized.[34;1m -> Function [36mcan_change_be_added_nts[m
[37;1m2026-09-24 13:03:01.968 [31;1m[[37;1mRTPS_READER_HISTORY[31;1m Error] [37mChange payload size of '92' bytes is larger than the history payload size of '87' bytes and cannot be resized.[34;1m -> Function [36mcan_change_be_added_nts[m
[37;1m2026-09-24 13:03:04.494 [31;1m[[37;1mRTPS_READER_HISTORY[31;1m Error] [37mChange payload size of '92' bytes is larger than the history payload size of '87' bytes and cannot be resized.[34;1m -> Function [36mcan_change_be_added_nts[m
[37;1m2026-09-24 13:03:07.568 [31;1m[[37;1mRTPS_READER_HISTORY[31;1m Error] [37mChange payload size of '92' bytes is larger than the history payload size of '87' bytes and cannot be resized.[34;1m -> Function [36mcan_change_be_added_nts[m
[37;1m2026-09-24 13:03:09.967 [31;1m[[37;1mRTPS_READER_HISTORY[31;1m Error] [37mChange payload size of '92' bytes is larger than the history payload size of '87' bytes and cannot be resized.[34;1m -> Function [36mcan_change_be_added_nts[m
[37;1m2026-09-24 13:03:09.971 [31;1m[[37;1mRTPS_READER_HISTORY[31;1m Error] [37mChange payload size of '92' bytes is larger than the history payload size of '87' bytes and cannot be resized.[34;1m -> Function [36mcan_change_be_added_nts[m
[37;1m2026-09-24 13:03:13.005 [31;1m[[37;1mRTPS_READER_HISTORY[31;1m Error] [37mChange payload size of '92' bytes is larger than the history payload size of '87' bytes and cannot be resized.[34;1m -> Function [36mcan_change_be_added_nts[m
[37;1m2026-09-24 13:03:13.523 [31;1m[[37;1mRTPS_READER_HISTORY[31;1m Error] [37mChange payload size of '92' bytes is larger than the history payload size of '87' bytes and cannot be resized.[34;1m -> Function [36mcan_change_be_added_nts[m
[37;1m2026-09-24 13:03:14.063 [31;1m[[37;1mRTPS_READER_HISTORY[31;1m Error] [37mChange payload size of '92' bytes is larger than the history payload size of '87' bytes and cannot be resized.[34;1m -> Function [36mcan_change_be_added_nts[m
[37;1m2026-09-24 13:03:16.783 [31;1m[[37;1mRTPS_READER_HISTORY[31;1m Error] [37mChange payload size of '92' bytes is larger than the history payload size of '87' bytes and cannot be resized.[34;1m -> Function [36mcan_change_be_added_nts[m
[37;1m2026-09-24 13:03:16.801 [31;1m[[37;1mRTPS_READER_HISTORY[31;1m Error] [37mChange payload size of '92' bytes is larger than the history payload size of '87' bytes and cannot be resized.[34;1m -> Function [36mcan_change_be_added_nts[m
[37;1m2026-09-24 13:03:16.806 [31;1m[[37;1mRTPS_READER_HISTORY[31;1m Error] [37mChange payload size of '92' bytes is larger than the history payload size of '87' bytes and cannot be resized.[34;1m -> Function [36mcan_change_be_added_nts[m
[37;1m2026-09-24 13:03:26.050 [31;1m[[37;1mRTPS_READER_HISTORY[31;1m Error] [37mChange payload size of '92' bytes is larger than the history payload size of '87' bytes and cannot be resized.[34;1m -> Function [36mcan_change_be_added_nts[m
[37;1m2026-09-24 13:03:28.993 [31;1m[[37;1mRTPS_READER_HISTORY[31;1m Error] [37mChange payload size of '92' bytes is larger than the history payload size of '87' bytes and cannot be resized.[34;1m -> Function [36mcan_change_be_added_nts[m
[37;1m2026-09-24 13:03:29.001 [31;1m[[37;1mRTPS_READER_HISTORY[31;1m Error] [37mChange payload size of '92' bytes is larger than the history payload size of '87' bytes and cannot be resized.[34;1m -> Function [36mcan_change_be_added_nts[m
[37;1m2026-09-24 13:03:35.233 [31;1m[[37;1mRTPS_READER_HISTORY[31;1m Error] [37mChange payload size of '92' bytes is larger than the history payload size of '87' bytes and cannot be resized.[34;1m -> Function [36mcan_change_be_added_nts[m
[37;1m2026-09-24 13:03:35.238 [31;1m[[37;1mRTPS_READER_HISTORY[31;1m Error] [37mChange payload size of '92' bytes is larger than the history payload size of '87' bytes and cannot be resized.[34;1m -> Function [36mcan_change_be_added_nts[m
[37;1m2026-09-24 13:03:35.242 [31;1m[[37;1mRTPS_READER_HISTORY[31;1m Error] [37mChange payload size of '92' bytes is larger than the history payload size of '87' bytes and cannot be resized.[34;1m -> Function [36mcan_change_be_added_nts[m
[37;1m2026-09-24 13:03:38.167 [31;1m[[37;1mRTPS_READER_HISTORY[31;1m Error] [37mChange payload size of '92' bytes is larger than the history payload size of '87' bytes and cannot be resized.[34;1m -> Function [36mcan_change_be_added_nts[m
[37;1m2026-09-24 13:03:38.695 [31;1m[[37;1mRTPS_READER_HISTORY[31;1m Error] [37mChange payload size of '92' bytes is larger than the history payload size of '87' bytes and cannot be resized.[34;1m -> Function [36mcan_change_be_added_nts[m
[37;1m2026-09-24 13:03:41.105 [31;1m[[37;1mRTPS_READER_HISTORY[31;1m Error] [37mChange payload size of '92' bytes is larger than the history payload size of '87' bytes and cannot be resized.[34;1m -> Function [36mcan_change_be_added_nts[m
[37;1m2026-09-24 13:03:41.387 [31;1m[[37;1mRTPS_READER_HISTORY[31;1m Error] [37mChange payload size of '92' bytes is larger than the history payload size of '87' bytes and cannot be resized.[34;1m -> Function [36mcan_change_be_added_nts[m
[37;1m2026-09-24 13:03:41.392 [31;1m[[37;1mRTPS_READER_HISTORY[31;1m Error] [37mChange payload size of '92' bytes is larger than the history payload size of '87' bytes and cannot be resized.[34;1m -> Function [36mcan_change_be_added_nts[m
[37;1m2026-09-24 13:03:48.748 [31;1m[[37;1mRTPS_READER_HISTORY[31;1m Error] [37mChange payload size of '92' bytes is larger than the history payload size of '87' bytes and cannot be resized.[34;1m -> Function [36mcan_change_be_added_nts[m
[37;1m2026-09-24 13:03:49.272 [31;1m[[37;1mRTPS_READER_HISTORY[31;1m Error] [37mChange payload size of '92' bytes is larger than the history payload size of '87' bytes and cannot be resized.[34;1m -> Function [36mcan_change_be_added_nts[m
[37;1m2026-09-24 13:03:49.786 [31;1m[[37;1mRTPS_READER_HISTORY[31;1m Error] [37mChange payload size of '92' bytes is larger than the history payload size of '87' bytes and cannot be resized.[34;1m -> Function [36mcan_change_be_added_nts[m
[37;1m2026-09-24 13:03:50.327 [31;1m[[37;1mRTPS_READER_HISTORY[31;1m Error] [37mChange payload size of '92' bytes is larger than the history payload size of '87' bytes and cannot be resized.[34;1m -> Function [36mcan_change_be_added_nts[m
[37;1m2026-09-24 13:03:50.855 [31;1m[[37;1mRTPS_READER_HISTORY[31;1m Error] [37mChange payload size of '92' bytes is larger than the history payload size of '87' bytes and cannot be resized.[34;1m -> Function [36mcan_change_be_added_nts[m
[37;1m2026-09-24 13:03:51.377 [31;1m[[37;1mRTPS_READER_HISTORY[31;1m Error] [37mChange payload size of '92' bytes is larger than the history payload size of '87' bytes and cannot be resized.[34;1m -> Function [36mcan_change_be_added_nts[m
[37;1m2026-09-24 13:03:51.899 [31;1m[[37;1mRTPS_READER_HISTORY[31;1m Error] [37mChange payload size of '92' bytes is larger than the history payload size of '87' bytes and cannot be resized.[34;1m -> Function [36mcan_change_be_added_nts[m
[37;1m2026-09-24 13:03:52.423 [31;1m[[37;1mRTPS_READER_HISTORY[31;1m Error] [37mChange payload size of '92' bytes is larger than the history payload size of '87' bytes and cannot be resized.[34;1m -> Function [36mcan_change_be_added_nts[m
[37;1m2026-09-24 13:03:52.952 [31;1m[[37;1mRTPS_READER_HISTORY[31;1m Error] [37mChange payload size of '92' bytes is larger than the history payload size of '87' bytes and cannot be resized.[34;1m -> Function [36mcan_change_be_added_nts[m
[37;1m2026-09-24 13:03:53.485 [31;1m[[37;1mRTPS_READER_HISTORY[31;1m Error] [37mChange payload size of '92' bytes is larger than the history payload size of '87' bytes and cannot be resized.[34;1m -> Function [36mcan_change_be_added_nts[m
[37;1m2026-09-24 13:03:54.009 [31;1m[[37;1mRTPS_READER_HISTORY[31;1m Error] [37mChange payload size of '92' bytes is larger than the history payload size of '87' bytes and cannot be resized.[34;1m -> Function [36mcan_change_be_added_nts[m
[37;1m2026-09-24 13:03:54.541 [31;1m[[37;1mRTPS_READER_HISTORY[31;1m Error] [37mChange payload size of '92' bytes is larger than the history payload size of '87' bytes and cannot be resized.[34;1m -> Function [36mcan_change_be_added_nts[m
[37;1m2026-09-24 13:03:55.610 [31;1m[[37;1mRTPS_READER_HISTORY[31;1m Error] [37mChange payload size of '92' bytes is larger than the history payload size of '87' bytes and cannot be resized.[34;1m -> Function [36mcan_change_be_added_nts[m
[37;1m2026-09-24 13:03:56.122 [31;1m[[37;1mRTPS_READER_HISTORY[31;1m Error] [37mChange payload size of '92' bytes is larger than the history payload size of '87' bytes and cannot be resized.[34;1m -> Function [36mcan_change_be_added_nts[m
[37;1m2026-09-24 13:03:56.663 [31;1m[[37;1mRTPS_READER_HISTORY[31;1m Error] [37mChange payload size of '92' bytes is larger than the history payload size of '87' bytes and cannot be resized.[34;1m -> Function [36mcan_change_be_added_nts[m
[37;1m2026-09-24 13:03:57.422 [31;1m[[37;1mRTPS_READER_HISTORY[31;1m Error] [37mChange payload size of '92' bytes is larger than the history payload size of '87' bytes and cannot be resized.[34;1m -> Function [36mcan_change_be_added_nts[m
[37;1m2026-09-24 13:03:59.820 [31;1m[[37;1mRTPS_READER_HISTORY[31;1m Error] [37mChange payload size of '92' bytes is larger than the history payload size of '87' bytes and cannot be resized.[34;1m -> Function [36mcan_change_be_added_nts[m
[37;1m2026-09-24 13:03:59.834 [31;1m[[37;1mRTPS_READER_HISTORY[31;1m Error] [37mChange payload size of '92' bytes is larger than the history payload size of '87' bytes and cannot be resized.[34;1m -> Function [36mcan_change_be_added_nts[m
[37;1m2026-09-24 13:03:59.838 [31;1m[[37;1mRTPS_READER_HISTORY[31;1m Error] [37mChange payload size of '92' bytes is larger than the history payload size of '87' bytes and cannot be resized.[34;1m -> Function [36mcan_change_be_added_nts[m
[37;1m2026-09-24 13:04:05.354 [31;1m[[37;1mRTPS_READER_HISTORY[31;1m Error] [37mChange payload size of '92' bytes is larger than the history payload size of '87' bytes and cannot be resized.[34;1m -> Function [36mcan_change_be_added_nts[m
[37;1m2026-09-24 13:04:08.830 [31;1m[[37;1mRTPS_READER_HISTORY[31;1m Error] [37mChange payload size of '92' bytes is larger than the history payload size of '87' bytes and cannot be resized.[34;1m -> Function [36mcan_change_be_added_nts[m
[37;1m2026-09-24 13:04:09.015 [31;1m[[37;1mRTPS_READER_HISTORY[31;1m Error] [37mChange payload size of '92' bytes is larger than the history payload size of '87' bytes and cannot be resized.[34;1m -> Function [36mcan_change_be_added_nts[m
[37;1m2026-09-24 13:04:09.021 [31;1m[[37;1mRTPS_READER_HISTORY[31;1m Error] [37mChange payload size of '92' bytes is larger than the history payload size of '87' bytes and cannot be resized.[34;1m -> Function [36mcan_change_be_added_nts[m
[37;1m2026-09-24 13:04:13.543 [31;1m[[37;1mRTPS_READER_HISTORY[31;1m Error] [37mChange payload size of '92' bytes is larger than the history payload size of '87' bytes and cannot be resized.[34;1m -> Function [36mcan_change_be_added_nts[m
[37;1m2026-09-24 13:04:14.071 [31;1m[[37;1mRTPS_READER_HISTORY[31;1m Error] [37mChange payload size of '92' bytes is larger than the history payload size of '87' bytes and cannot be resized.[34;1m -> Function [36mcan_change_be_added_nts[m
[37;1m2026-09-24 13:04:18.016 [31;1m[[37;1mRTPS_READER_HISTORY[31;1m Error] [37mChange payload size of '92' bytes is larger than the history payload size of '87' bytes and cannot be resized.[34;1m -> Function [36mcan_change_be_added_nts[m
[37;1m2026-09-24 13:04:18.254 [31;1m[[37;1mRTPS_READER_HISTORY[31;1m Error] [37mChange payload size of '92' bytes is larger than the history payload size of '87' bytes and cannot be resized.[34;1m -> Function [36mcan_change_be_added_nts[m
[37;1m2026-09-24 13:04:18.259 [31;1m[[37;1mRTPS_READER_HISTORY[31;1m Error] [37mChange payload size of '92' bytes is larger than the history payload size of '87' bytes and cannot be resized.[34;1m -> Function [36mcan_change_be_added_nts[m
[INFO] [1790269459.453055523] [rosbag2_cpp]: Writing remaining messages from cache to the bag. It may take a while
[INFO] [1790269459.454417932] [rosbag2_recorder]: Event publisher thread: Exiting
[INFO] [1790269459.454495639] [rosbag2_recorder]: Recording stopped
