stdin is not a terminal device. Keyboard handling disabled.[INFO] [1790269398.087428178] [rosbag2_recorder]: Press SPACE for pausing/resuming
[INFO] [1790269398.088496147] [rosbag2_storage]: Opened database '/home/vmbasvi/HALO_ARCHIVAL_TOOL/archives/20260924_170120_UTC_five_drone_30s_rosbag_px4/drones/D0015/ros_bags/20260924_170120_UTC_five_drone_30s_rosbag_px4__D0015_ground_rosbag/20260924_170120_UTC_five_drone_30s_rosbag_px4__D0015_ground_rosbag_0.db3' for READ_WRITE.
[INFO] [1790269398.088928488] [rosbag2_recorder]: Listening for topics...
[INFO] [1790269398.088968179] [rosbag2_recorder]: Event publisher thread: Starting
[INFO] [1790269398.089412760] [rosbag2_recorder]: Subscribed to topic '/rosout'
[INFO] [1790269398.089730315] [rosbag2_recorder]: Subscribed to topic '/events/write_split'
[INFO] [1790269398.089800605] [rosbag2_recorder]: Recording...
[INFO] [1790269398.190515978] [rosbag2_recorder]: Subscribed to topic '/parameter_events'
[INFO] [1790269398.292447943] [rosbag2_recorder]: Subscribed to topic '/fmu/out/position_setpoint_triplet'
[INFO] [1790269398.292990529] [rosbag2_recorder]: Subscribed to topic '/fmu/out/battery_status'
[INFO] [1790269398.293457245] [rosbag2_recorder]: Subscribed to topic '/fmu/out/sensor_combined'
[INFO] [1790269398.294134997] [rosbag2_recorder]: Subscribed to topic '/fmu/out/failsafe_flags'
[INFO] [1790269398.294579682] [rosbag2_recorder]: Subscribed to topic '/fmu/out/timesync_status'
[INFO] [1790269398.294985112] [rosbag2_recorder]: Subscribed to topic '/fmu/out/vehicle_control_mode'
[INFO] [1790269398.295379204] [rosbag2_recorder]: Subscribed to topic '/fmu/out/vehicle_attitude'
[INFO] [1790269398.295899968] [rosbag2_recorder]: Subscribed to topic '/fmu/out/vehicle_local_position'
[INFO] [1790269398.296301637] [rosbag2_recorder]: Subscribed to topic '/fmu/out/vehicle_odometry'
[INFO] [1790269398.296757345] [rosbag2_recorder]: Subscribed to topic '/fmu/out/vehicle_status'
[37;1m2026-09-24 13:03:18.641 [31;1m[[37;1mRTPS_READER_HISTORY[31;1m Error] [37mChange payload size of '92' bytes is larger than the history payload size of '87' bytes and cannot be resized.[34;1m -> Function [36mcan_change_be_added_nts[m
[37;1m2026-09-24 13:03:19.160 [31;1m[[37;1mRTPS_READER_HISTORY[31;1m Error] [37mChange payload size of '92' bytes is larger than the history payload size of '87' bytes and cannot be resized.[34;1m -> Function [36mcan_change_be_added_nts[m
[37;1m2026-09-24 13:03:19.677 [31;1m[[37;1mRTPS_READER_HISTORY[31;1m Error] [37mChange payload size of '92' bytes is larger than the history payload size of '87' bytes and cannot be resized.[34;1m -> Function [36mcan_change_be_added_nts[m
[37;1m2026-09-24 13:03:20.190 [31;1m[[37;1mRTPS_READER_HISTORY[31;1m Error] [37mChange payload size of '92' bytes is larger than the history payload size of '87' bytes and cannot be resized.[34;1m -> Function [36mcan_change_be_added_nts[m
[37;1m2026-09-24 13:03:20.709 [31;1m[[37;1mRTPS_READER_HISTORY[31;1m Error] [37mChange payload size of '92' bytes is larger than the history payload size of '87' bytes and cannot be resized.[34;1m -> Function [36mcan_change_be_added_nts[m
[37;1m2026-09-24 13:03:21.232 [31;1m[[37;1mRTPS_READER_HISTORY[31;1m Error] [37mChange payload size of '92' bytes is larger than the history payload size of '87' bytes and cannot be resized.[34;1m -> Function [36mcan_change_be_added_nts[m
[37;1m2026-09-24 13:03:21.750 [31;1m[[37;1mRTPS_READER_HISTORY[31;1m Error] [37mChange payload size of '92' bytes is larger than the history payload size of '87' bytes and cannot be resized.[34;1m -> Function [36mcan_change_be_added_nts[m
[37;1m2026-09-24 13:03:22.264 [31;1m[[37;1mRTPS_READER_HISTORY[31;1m Error] [37mChange payload size of '92' bytes is larger than the history payload size of '87' bytes and cannot be resized.[34;1m -> Function [36mcan_change_be_added_nts[m
[37;1m2026-09-24 13:03:22.783 [31;1m[[37;1mRTPS_READER_HISTORY[31;1m Error] [37mChange payload size of '92' bytes is larger than the history payload size of '87' bytes and cannot be resized.[34;1m -> Function [36mcan_change_be_added_nts[m
[37;1m2026-09-24 13:03:23.303 [31;1m[[37;1mRTPS_READER_HISTORY[31;1m Error] [37mChange payload size of '92' bytes is larger than the history payload size of '87' bytes and cannot be resized.[34;1m -> Function [36mcan_change_be_added_nts[m
[37;1m2026-09-24 13:03:23.823 [31;1m[[37;1mRTPS_READER_HISTORY[31;1m Error] [37mChange payload size of '92' bytes is larger than the history payload size of '87' bytes and cannot be resized.[34;1m -> Function [36mcan_change_be_added_nts[m
[37;1m2026-09-24 13:03:24.340 [31;1m[[37;1mRTPS_READER_HISTORY[31;1m Error] [37mChange payload size of '92' bytes is larger than the history payload size of '87' bytes and cannot be resized.[34;1m -> Function [36mcan_change_be_added_nts[m
[37;1m2026-09-24 13:03:24.856 [31;1m[[37;1mRTPS_READER_HISTORY[31;1m Error] [37mChange payload size of '92' bytes is larger than the history payload size of '87' bytes and cannot be resized.[34;1m -> Function [36mcan_change_be_added_nts[m
[37;1m2026-09-24 13:03:25.393 [31;1m[[37;1mRTPS_READER_HISTORY[31;1m Error] [37mChange payload size of '92' bytes is larger than the history payload size of '87' bytes and cannot be resized.[34;1m -> Function [36mcan_change_be_added_nts[m
[37;1m2026-09-24 13:03:25.892 [31;1m[[37;1mRTPS_READER_HISTORY[31;1m Error] [37mChange payload size of '92' bytes is larger than the history payload size of '87' bytes and cannot be resized.[34;1m -> Function [36mcan_change_be_added_nts[m
[37;1m2026-09-24 13:03:26.408 [31;1m[[37;1mRTPS_READER_HISTORY[31;1m Error] [37mChange payload size of '92' bytes is larger than the history payload size of '87' bytes and cannot be resized.[34;1m -> Function [36mcan_change_be_added_nts[m
[37;1m2026-09-24 13:03:26.929 [31;1m[[37;1mRTPS_READER_HISTORY[31;1m Error] [37mChange payload size of '92' bytes is larger than the history payload size of '87' bytes and cannot be resized.[34;1m -> Function [36mcan_change_be_added_nts[m
[37;1m2026-09-24 13:03:27.447 [31;1m[[37;1mRTPS_READER_HISTORY[31;1m Error] [37mChange payload size of '92' bytes is larger than the history payload size of '87' bytes and cannot be resized.[34;1m -> Function [36mcan_change_be_added_nts[m
[37;1m2026-09-24 13:03:27.960 [31;1m[[37;1mRTPS_READER_HISTORY[31;1m Error] [37mChange payload size of '92' bytes is larger than the history payload size of '87' bytes and cannot be resized.[34;1m -> Function [36mcan_change_be_added_nts[m
[37;1m2026-09-24 13:03:28.477 [31;1m[[37;1mRTPS_READER_HISTORY[31;1m Error] [37mChange payload size of '92' bytes is larger than the history payload size of '87' bytes and cannot be resized.[34;1m -> Function [36mcan_change_be_added_nts[m
[37;1m2026-09-24 13:03:28.996 [31;1m[[37;1mRTPS_READER_HISTORY[31;1m Error] [37mChange payload size of '92' bytes is larger than the history payload size of '87' bytes and cannot be resized.[34;1m -> Function [36mcan_change_be_added_nts[m
[37;1m2026-09-24 13:03:29.516 [31;1m[[37;1mRTPS_READER_HISTORY[31;1m Error] [37mChange payload size of '92' bytes is larger than the history payload size of '87' bytes and cannot be resized.[34;1m -> Function [36mcan_change_be_added_nts[m
[37;1m2026-09-24 13:03:30.033 [31;1m[[37;1mRTPS_READER_HISTORY[31;1m Error] [37mChange payload size of '92' bytes is larger than the history payload size of '87' bytes and cannot be resized.[34;1m -> Function [36mcan_change_be_added_nts[m
[37;1m2026-09-24 13:03:30.553 [31;1m[[37;1mRTPS_READER_HISTORY[31;1m Error] [37mChange payload size of '92' bytes is larger than the history payload size of '87' bytes and cannot be resized.[34;1m -> Function [36mcan_change_be_added_nts[m
[37;1m2026-09-24 13:03:31.078 [31;1m[[37;1mRTPS_READER_HISTORY[31;1m Error] [37mChange payload size of '92' bytes is larger than the history payload size of '87' bytes and cannot be resized.[34;1m -> Function [36mcan_change_be_added_nts[m
[37;1m2026-09-24 13:03:31.594 [31;1m[[37;1mRTPS_READER_HISTORY[31;1m Error] [37mChange payload size of '92' bytes is larger than the history payload size of '87' bytes and cannot be resized.[34;1m -> Function [36mcan_change_be_added_nts[m
[37;1m2026-09-24 13:03:32.110 [31;1m[[37;1mRTPS_READER_HISTORY[31;1m Error] [37mChange payload size of '92' bytes is larger than the history payload size of '87' bytes and cannot be resized.[34;1m -> Function [36mcan_change_be_added_nts[m
[37;1m2026-09-24 13:03:32.630 [31;1m[[37;1mRTPS_READER_HISTORY[31;1m Error] [37mChange payload size of '92' bytes is larger than the history payload size of '87' bytes and cannot be resized.[34;1m -> Function [36mcan_change_be_added_nts[m
[37;1m2026-09-24 13:03:33.146 [31;1m[[37;1mRTPS_READER_HISTORY[31;1m Error] [37mChange payload size of '92' bytes is larger than the history payload size of '87' bytes and cannot be resized.[34;1m -> Function [36mcan_change_be_added_nts[m
[37;1m2026-09-24 13:03:33.663 [31;1m[[37;1mRTPS_READER_HISTORY[31;1m Error] [37mChange payload size of '92' bytes is larger than the history payload size of '87' bytes and cannot be resized.[34;1m -> Function [36mcan_change_be_added_nts[m
[37;1m2026-09-24 13:03:34.179 [31;1m[[37;1mRTPS_READER_HISTORY[31;1m Error] [37mChange payload size of '92' bytes is larger than the history payload size of '87' bytes and cannot be resized.[34;1m -> Function [36mcan_change_be_added_nts[m
[37;1m2026-09-24 13:03:34.700 [31;1m[[37;1mRTPS_READER_HISTORY[31;1m Error] [37mChange payload size of '92' bytes is larger than the history payload size of '87' bytes and cannot be resized.[34;1m -> Function [36mcan_change_be_added_nts[m
[37;1m2026-09-24 13:03:35.218 [31;1m[[37;1mRTPS_READER_HISTORY[31;1m Error] [37mChange payload size of '92' bytes is larger than the history payload size of '87' bytes and cannot be resized.[34;1m -> Function [36mcan_change_be_added_nts[m
[37;1m2026-09-24 13:03:35.738 [31;1m[[37;1mRTPS_READER_HISTORY[31;1m Error] [37mChange payload size of '92' bytes is larger than the history payload size of '87' bytes and cannot be resized.[34;1m -> Function [36mcan_change_be_added_nts[m
[37;1m2026-09-24 13:03:36.251 [31;1m[[37;1mRTPS_READER_HISTORY[31;1m Error] [37mChange payload size of '92' bytes is larger than the history payload size of '87' bytes and cannot be resized.[34;1m -> Function [36mcan_change_be_added_nts[m
[37;1m2026-09-24 13:03:36.769 [31;1m[[37;1mRTPS_READER_HISTORY[31;1m Error] [37mChange payload size of '92' bytes is larger than the history payload size of '87' bytes and cannot be resized.[34;1m -> Function [36mcan_change_be_added_nts[m
[37;1m2026-09-24 13:03:37.292 [31;1m[[37;1mRTPS_READER_HISTORY[31;1m Error] [37mChange payload size of '92' bytes is larger than the history payload size of '87' bytes and cannot be resized.[34;1m -> Function [36mcan_change_be_added_nts[m
[37;1m2026-09-24 13:03:37.805 [31;1m[[37;1mRTPS_READER_HISTORY[31;1m Error] [37mChange payload size of '92' bytes is larger than the history payload size of '87' bytes and cannot be resized.[34;1m -> Function [36mcan_change_be_added_nts[m
[37;1m2026-09-24 13:03:38.324 [31;1m[[37;1mRTPS_READER_HISTORY[31;1m Error] [37mChange payload size of '92' bytes is larger than the history payload size of '87' bytes and cannot be resized.[34;1m -> Function [36mcan_change_be_added_nts[m
[37;1m2026-09-24 13:03:38.843 [31;1m[[37;1mRTPS_READER_HISTORY[31;1m Error] [37mChange payload size of '92' bytes is larger than the history payload size of '87' bytes and cannot be resized.[34;1m -> Function [36mcan_change_be_added_nts[m
[37;1m2026-09-24 13:03:39.366 [31;1m[[37;1mRTPS_READER_HISTORY[31;1m Error] [37mChange payload size of '92' bytes is larger than the history payload size of '87' bytes and cannot be resized.[34;1m -> Function [36mcan_change_be_added_nts[m
[37;1m2026-09-24 13:03:39.882 [31;1m[[37;1mRTPS_READER_HISTORY[31;1m Error] [37mChange payload size of '92' bytes is larger than the history payload size of '87' bytes and cannot be resized.[34;1m -> Function [36mcan_change_be_added_nts[m
[37;1m2026-09-24 13:03:40.398 [31;1m[[37;1mRTPS_READER_HISTORY[31;1m Error] [37mChange payload size of '92' bytes is larger than the history payload size of '87' bytes and cannot be resized.[34;1m -> Function [36mcan_change_be_added_nts[m
[37;1m2026-09-24 13:03:40.916 [31;1m[[37;1mRTPS_READER_HISTORY[31;1m Error] [37mChange payload size of '92' bytes is larger than the history payload size of '87' bytes and cannot be resized.[34;1m -> Function [36mcan_change_be_added_nts[m
[37;1m2026-09-24 13:03:41.436 [31;1m[[37;1mRTPS_READER_HISTORY[31;1m Error] [37mChange payload size of '92' bytes is larger than the history payload size of '87' bytes and cannot be resized.[34;1m -> Function [36mcan_change_be_added_nts[m
[37;1m2026-09-24 13:03:41.957 [31;1m[[37;1mRTPS_READER_HISTORY[31;1m Error] [37mChange payload size of '92' bytes is larger than the history payload size of '87' bytes and cannot be resized.[34;1m -> Function [36mcan_change_be_added_nts[m
[37;1m2026-09-24 13:03:42.473 [31;1m[[37;1mRTPS_READER_HISTORY[31;1m Error] [37mChange payload size of '92' bytes is larger than the history payload size of '87' bytes and cannot be resized.[34;1m -> Function [36mcan_change_be_added_nts[m
[37;1m2026-09-24 13:03:42.993 [31;1m[[37;1mRTPS_READER_HISTORY[31;1m Error] [37mChange payload size of '92' bytes is larger than the history payload size of '87' bytes and cannot be resized.[34;1m -> Function [36mcan_change_be_added_nts[m
[37;1m2026-09-24 13:03:43.521 [31;1m[[37;1mRTPS_READER_HISTORY[31;1m Error] [37mChange payload size of '92' bytes is larger than the history payload size of '87' bytes and cannot be resized.[34;1m -> Function [36mcan_change_be_added_nts[m
[37;1m2026-09-24 13:03:44.023 [31;1m[[37;1mRTPS_READER_HISTORY[31;1m Error] [37mChange payload size of '92' bytes is larger than the history payload size of '87' bytes and cannot be resized.[34;1m -> Function [36mcan_change_be_added_nts[m
[37;1m2026-09-24 13:03:44.438 [31;1m[[37;1mRTPS_READER_HISTORY[31;1m Error] [37mChange payload size of '92' bytes is larger than the history payload size of '87' bytes and cannot be resized.[34;1m -> Function [36mcan_change_be_added_nts[m
[37;1m2026-09-24 13:03:44.959 [31;1m[[37;1mRTPS_READER_HISTORY[31;1m Error] [37mChange payload size of '92' bytes is larger than the history payload size of '87' bytes and cannot be resized.[34;1m -> Function [36mcan_change_be_added_nts[m
[37;1m2026-09-24 13:03:45.477 [31;1m[[37;1mRTPS_READER_HISTORY[31;1m Error] [37mChange payload size of '92' bytes is larger than the history payload size of '87' bytes and cannot be resized.[34;1m -> Function [36mcan_change_be_added_nts[m
[37;1m2026-09-24 13:03:45.996 [31;1m[[37;1mRTPS_READER_HISTORY[31;1m Error] [37mChange payload size of '92' bytes is larger than the history payload size of '87' bytes and cannot be resized.[34;1m -> Function [36mcan_change_be_added_nts[m
[37;1m2026-09-24 13:03:46.514 [31;1m[[37;1mRTPS_READER_HISTORY[31;1m Error] [37mChange payload size of '92' bytes is larger than the history payload size of '87' bytes and cannot be resized.[34;1m -> Function [36mcan_change_be_added_nts[m
[37;1m2026-09-24 13:03:47.033 [31;1m[[37;1mRTPS_READER_HISTORY[31;1m Error] [37mChange payload size of '92' bytes is larger than the history payload size of '87' bytes and cannot be resized.[34;1m -> Function [36mcan_change_be_added_nts[m
[37;1m2026-09-24 13:03:47.562 [31;1m[[37;1mRTPS_READER_HISTORY[31;1m Error] [37mChange payload size of '92' bytes is larger than the history payload size of '87' bytes and cannot be resized.[34;1m -> Function [36mcan_change_be_added_nts[m
[37;1m2026-09-24 13:03:48.070 [31;1m[[37;1mRTPS_READER_HISTORY[31;1m Error] [37mChange payload size of '92' bytes is larger than the history payload size of '87' bytes and cannot be resized.[34;1m -> Function [36mcan_change_be_added_nts[m
[37;1m2026-09-24 13:03:48.593 [31;1m[[37;1mRTPS_READER_HISTORY[31;1m Error] [37mChange payload size of '92' bytes is larger than the history payload size of '87' bytes and cannot be resized.[34;1m -> Function [36mcan_change_be_added_nts[m
[37;1m2026-09-24 13:03:49.114 [31;1m[[37;1mRTPS_READER_HISTORY[31;1m Error] [37mChange payload size of '92' bytes is larger than the history payload size of '87' bytes and cannot be resized.[34;1m -> Function [36mcan_change_be_added_nts[m
[37;1m2026-09-24 13:03:49.629 [31;1m[[37;1mRTPS_READER_HISTORY[31;1m Error] [37mChange payload size of '92' bytes is larger than the history payload size of '87' bytes and cannot be resized.[34;1m -> Function [36mcan_change_be_added_nts[m
[37;1m2026-09-24 13:03:50.143 [31;1m[[37;1mRTPS_READER_HISTORY[31;1m Error] [37mChange payload size of '92' bytes is larger than the history payload size of '87' bytes and cannot be resized.[34;1m -> Function [36mcan_change_be_added_nts[m
[37;1m2026-09-24 13:03:50.663 [31;1m[[37;1mRTPS_READER_HISTORY[31;1m Error] [37mChange payload size of '92' bytes is larger than the history payload size of '87' bytes and cannot be resized.[34;1m -> Function [36mcan_change_be_added_nts[m
[37;1m2026-09-24 13:03:51.184 [31;1m[[37;1mRTPS_READER_HISTORY[31;1m Error] [37mChange payload size of '92' bytes is larger than the history payload size of '87' bytes and cannot be resized.[34;1m -> Function [36mcan_change_be_added_nts[m
[37;1m2026-09-24 13:03:51.704 [31;1m[[37;1mRTPS_READER_HISTORY[31;1m Error] [37mChange payload size of '92' bytes is larger than the history payload size of '87' bytes and cannot be resized.[34;1m -> Function [36mcan_change_be_added_nts[m
[37;1m2026-09-24 13:03:52.220 [31;1m[[37;1mRTPS_READER_HISTORY[31;1m Error] [37mChange payload size of '92' bytes is larger than the history payload size of '87' bytes and cannot be resized.[34;1m -> Function [36mcan_change_be_added_nts[m
[37;1m2026-09-24 13:03:52.740 [31;1m[[37;1mRTPS_READER_HISTORY[31;1m Error] [37mChange payload size of '92' bytes is larger than the history payload size of '87' bytes and cannot be resized.[34;1m -> Function [36mcan_change_be_added_nts[m
[37;1m2026-09-24 13:03:53.258 [31;1m[[37;1mRTPS_READER_HISTORY[31;1m Error] [37mChange payload size of '92' bytes is larger than the history payload size of '87' bytes and cannot be resized.[34;1m -> Function [36mcan_change_be_added_nts[m
[37;1m2026-09-24 13:03:53.778 [31;1m[[37;1mRTPS_READER_HISTORY[31;1m Error] [37mChange payload size of '92' bytes is larger than the history payload size of '87' bytes and cannot be resized.[34;1m -> Function [36mcan_change_be_added_nts[m
[37;1m2026-09-24 13:03:54.311 [31;1m[[37;1mRTPS_READER_HISTORY[31;1m Error] [37mChange payload size of '92' bytes is larger than the history payload size of '87' bytes and cannot be resized.[34;1m -> Function [36mcan_change_be_added_nts[m
[37;1m2026-09-24 13:03:54.820 [31;1m[[37;1mRTPS_READER_HISTORY[31;1m Error] [37mChange payload size of '92' bytes is larger than the history payload size of '87' bytes and cannot be resized.[34;1m -> Function [36mcan_change_be_added_nts[m
[37;1m2026-09-24 13:03:55.340 [31;1m[[37;1mRTPS_READER_HISTORY[31;1m Error] [37mChange payload size of '92' bytes is larger than the history payload size of '87' bytes and cannot be resized.[34;1m -> Function [36mcan_change_be_added_nts[m
[37;1m2026-09-24 13:03:55.861 [31;1m[[37;1mRTPS_READER_HISTORY[31;1m Error] [37mChange payload size of '92' bytes is larger than the history payload size of '87' bytes and cannot be resized.[34;1m -> Function [36mcan_change_be_added_nts[m
[37;1m2026-09-24 13:03:56.379 [31;1m[[37;1mRTPS_READER_HISTORY[31;1m Error] [37mChange payload size of '92' bytes is larger than the history payload size of '87' bytes and cannot be resized.[34;1m -> Function [36mcan_change_be_added_nts[m
[37;1m2026-09-24 13:03:56.899 [31;1m[[37;1mRTPS_READER_HISTORY[31;1m Error] [37mChange payload size of '92' bytes is larger than the history payload size of '87' bytes and cannot be resized.[34;1m -> Function [36mcan_change_be_added_nts[m
[37;1m2026-09-24 13:03:57.416 [31;1m[[37;1mRTPS_READER_HISTORY[31;1m Error] [37mChange payload size of '92' bytes is larger than the history payload size of '87' bytes and cannot be resized.[34;1m -> Function [36mcan_change_be_added_nts[m
[37;1m2026-09-24 13:03:57.934 [31;1m[[37;1mRTPS_READER_HISTORY[31;1m Error] [37mChange payload size of '92' bytes is larger than the history payload size of '87' bytes and cannot be resized.[34;1m -> Function [36mcan_change_be_added_nts[m
[37;1m2026-09-24 13:03:58.446 [31;1m[[37;1mRTPS_READER_HISTORY[31;1m Error] [37mChange payload size of '92' bytes is larger than the history payload size of '87' bytes and cannot be resized.[34;1m -> Function [36mcan_change_be_added_nts[m
[37;1m2026-09-24 13:03:58.968 [31;1m[[37;1mRTPS_READER_HISTORY[31;1m Error] [37mChange payload size of '92' bytes is larger than the history payload size of '87' bytes and cannot be resized.[34;1m -> Function [36mcan_change_be_added_nts[m
[37;1m2026-09-24 13:03:59.485 [31;1m[[37;1mRTPS_READER_HISTORY[31;1m Error] [37mChange payload size of '92' bytes is larger than the history payload size of '87' bytes and cannot be resized.[34;1m -> Function [36mcan_change_be_added_nts[m
[37;1m2026-09-24 13:04:00.001 [31;1m[[37;1mRTPS_READER_HISTORY[31;1m Error] [37mChange payload size of '92' bytes is larger than the history payload size of '87' bytes and cannot be resized.[34;1m -> Function [36mcan_change_be_added_nts[m
[37;1m2026-09-24 13:04:00.515 [31;1m[[37;1mRTPS_READER_HISTORY[31;1m Error] [37mChange payload size of '92' bytes is larger than the history payload size of '87' bytes and cannot be resized.[34;1m -> Function [36mcan_change_be_added_nts[m
[37;1m2026-09-24 13:04:01.039 [31;1m[[37;1mRTPS_READER_HISTORY[31;1m Error] [37mChange payload size of '92' bytes is larger than the history payload size of '87' bytes and cannot be resized.[34;1m -> Function [36mcan_change_be_added_nts[m
[37;1m2026-09-24 13:04:01.556 [31;1m[[37;1mRTPS_READER_HISTORY[31;1m Error] [37mChange payload size of '92' bytes is larger than the history payload size of '87' bytes and cannot be resized.[34;1m -> Function [36mcan_change_be_added_nts[m
[37;1m2026-09-24 13:04:02.074 [31;1m[[37;1mRTPS_READER_HISTORY[31;1m Error] [37mChange payload size of '92' bytes is larger than the history payload size of '87' bytes and cannot be resized.[34;1m -> Function [36mcan_change_be_added_nts[m
[37;1m2026-09-24 13:04:02.590 [31;1m[[37;1mRTPS_READER_HISTORY[31;1m Error] [37mChange payload size of '92' bytes is larger than the history payload size of '87' bytes and cannot be resized.[34;1m -> Function [36mcan_change_be_added_nts[m
[37;1m2026-09-24 13:04:03.108 [31;1m[[37;1mRTPS_READER_HISTORY[31;1m Error] [37mChange payload size of '92' bytes is larger than the history payload size of '87' bytes and cannot be resized.[34;1m -> Function [36mcan_change_be_added_nts[m
[37;1m2026-09-24 13:04:03.629 [31;1m[[37;1mRTPS_READER_HISTORY[31;1m Error] [37mChange payload size of '92' bytes is larger than the history payload size of '87' bytes and cannot be resized.[34;1m -> Function [36mcan_change_be_added_nts[m
[37;1m2026-09-24 13:04:04.146 [31;1m[[37;1mRTPS_READER_HISTORY[31;1m Error] [37mChange payload size of '92' bytes is larger than the history payload size of '87' bytes and cannot be resized.[34;1m -> Function [36mcan_change_be_added_nts[m
[37;1m2026-09-24 13:04:04.664 [31;1m[[37;1mRTPS_READER_HISTORY[31;1m Error] [37mChange payload size of '92' bytes is larger than the history payload size of '87' bytes and cannot be resized.[34;1m -> Function [36mcan_change_be_added_nts[m
[37;1m2026-09-24 13:04:05.184 [31;1m[[37;1mRTPS_READER_HISTORY[31;1m Error] [37mChange payload size of '92' bytes is larger than the history payload size of '87' bytes and cannot be resized.[34;1m -> Function [36mcan_change_be_added_nts[m
[37;1m2026-09-24 13:04:05.698 [31;1m[[37;1mRTPS_READER_HISTORY[31;1m Error] [37mChange payload size of '92' bytes is larger than the history payload size of '87' bytes and cannot be resized.[34;1m -> Function [36mcan_change_be_added_nts[m
[37;1m2026-09-24 13:04:06.213 [31;1m[[37;1mRTPS_READER_HISTORY[31;1m Error] [37mChange payload size of '92' bytes is larger than the history payload size of '87' bytes and cannot be resized.[34;1m -> Function [36mcan_change_be_added_nts[m
[37;1m2026-09-24 13:04:06.732 [31;1m[[37;1mRTPS_READER_HISTORY[31;1m Error] [37mChange payload size of '92' bytes is larger than the history payload size of '87' bytes and cannot be resized.[34;1m -> Function [36mcan_change_be_added_nts[m
[37;1m2026-09-24 13:04:07.254 [31;1m[[37;1mRTPS_READER_HISTORY[31;1m Error] [37mChange payload size of '92' bytes is larger than the history payload size of '87' bytes and cannot be resized.[34;1m -> Function [36mcan_change_be_added_nts[m
[37;1m2026-09-24 13:04:07.770 [31;1m[[37;1mRTPS_READER_HISTORY[31;1m Error] [37mChange payload size of '92' bytes is larger than the history payload size of '87' bytes and cannot be resized.[34;1m -> Function [36mcan_change_be_added_nts[m
[37;1m2026-09-24 13:04:08.296 [31;1m[[37;1mRTPS_READER_HISTORY[31;1m Error] [37mChange payload size of '92' bytes is larger than the history payload size of '87' bytes and cannot be resized.[34;1m -> Function [36mcan_change_be_added_nts[m
[37;1m2026-09-24 13:04:08.816 [31;1m[[37;1mRTPS_READER_HISTORY[31;1m Error] [37mChange payload size of '92' bytes is larger than the history payload size of '87' bytes and cannot be resized.[34;1m -> Function [36mcan_change_be_added_nts[m
[37;1m2026-09-24 13:04:09.335 [31;1m[[37;1mRTPS_READER_HISTORY[31;1m Error] [37mChange payload size of '92' bytes is larger than the history payload size of '87' bytes and cannot be resized.[34;1m -> Function [36mcan_change_be_added_nts[m
[37;1m2026-09-24 13:04:09.852 [31;1m[[37;1mRTPS_READER_HISTORY[31;1m Error] [37mChange payload size of '92' bytes is larger than the history payload size of '87' bytes and cannot be resized.[34;1m -> Function [36mcan_change_be_added_nts[m
[37;1m2026-09-24 13:04:10.366 [31;1m[[37;1mRTPS_READER_HISTORY[31;1m Error] [37mChange payload size of '92' bytes is larger than the history payload size of '87' bytes and cannot be resized.[34;1m -> Function [36mcan_change_be_added_nts[m
[37;1m2026-09-24 13:04:10.889 [31;1m[[37;1mRTPS_READER_HISTORY[31;1m Error] [37mChange payload size of '92' bytes is larger than the history payload size of '87' bytes and cannot be resized.[34;1m -> Function [36mcan_change_be_added_nts[m
[INFO] [1790269451.031271165] [rosbag2_cpp]: Writing remaining messages from cache to the bag. It may take a while
[INFO] [1790269451.032626149] [rosbag2_recorder]: Event publisher thread: Exiting
[INFO] [1790269451.032691818] [rosbag2_recorder]: Recording stopped
