stdin is not a terminal device. Keyboard handling disabled.[INFO] [1790269348.197363478] [rosbag2_recorder]: Press SPACE for pausing/resuming
[INFO] [1790269348.198504482] [rosbag2_storage]: Opened database '/home/vmbasvi/HALO_ARCHIVAL_TOOL/archives/20260924_170120_UTC_five_drone_30s_rosbag_px4/drones/D0014/ros_bags/20260924_170120_UTC_five_drone_30s_rosbag_px4__D0014_ground_rosbag/20260924_170120_UTC_five_drone_30s_rosbag_px4__D0014_ground_rosbag_0.db3' for READ_WRITE.
[INFO] [1790269348.198936769] [rosbag2_recorder]: Listening for topics...
[INFO] [1790269348.198995462] [rosbag2_recorder]: Event publisher thread: Starting
[INFO] [1790269348.199435951] [rosbag2_recorder]: Subscribed to topic '/rosout'
[INFO] [1790269348.199744215] [rosbag2_recorder]: Subscribed to topic '/events/write_split'
[INFO] [1790269348.199787860] [rosbag2_recorder]: Recording...
[INFO] [1790269348.300618871] [rosbag2_recorder]: Subscribed to topic '/parameter_events'
[INFO] [1790269348.402682833] [rosbag2_recorder]: Subscribed to topic '/fmu/out/position_setpoint_triplet'
[INFO] [1790269348.403473673] [rosbag2_recorder]: Subscribed to topic '/fmu/out/battery_status'
[INFO] [1790269348.404075465] [rosbag2_recorder]: Subscribed to topic '/fmu/out/sensor_combined'
[INFO] [1790269348.405086318] [rosbag2_recorder]: Subscribed to topic '/fmu/out/failsafe_flags'
[INFO] [1790269348.405841517] [rosbag2_recorder]: Subscribed to topic '/fmu/out/timesync_status'
[INFO] [1790269348.406334651] [rosbag2_recorder]: Subscribed to topic '/fmu/out/vehicle_control_mode'
[INFO] [1790269348.406799333] [rosbag2_recorder]: Subscribed to topic '/fmu/out/vehicle_attitude'
[INFO] [1790269348.407501068] [rosbag2_recorder]: Subscribed to topic '/fmu/out/vehicle_local_position'
[INFO] [1790269348.407988282] [rosbag2_recorder]: Subscribed to topic '/fmu/out/vehicle_odometry'
[INFO] [1790269348.408543635] [rosbag2_recorder]: Subscribed to topic '/fmu/out/vehicle_status'
[37;1m2026-09-24 13:02:28.641 [31;1m[[37;1mRTPS_READER_HISTORY[31;1m Error] [37mChange payload size of '92' bytes is larger than the history payload size of '87' bytes and cannot be resized.[34;1m -> Function [36mcan_change_be_added_nts[m
[37;1m2026-09-24 13:02:29.161 [31;1m[[37;1mRTPS_READER_HISTORY[31;1m Error] [37mChange payload size of '92' bytes is larger than the history payload size of '87' bytes and cannot be resized.[34;1m -> Function [36mcan_change_be_added_nts[m
[37;1m2026-09-24 13:02:29.769 [31;1m[[37;1mRTPS_READER_HISTORY[31;1m Error] [37mChange payload size of '92' bytes is larger than the history payload size of '87' bytes and cannot be resized.[34;1m -> Function [36mcan_change_be_added_nts[m
[37;1m2026-09-24 13:02:30.228 [31;1m[[37;1mRTPS_READER_HISTORY[31;1m Error] [37mChange payload size of '92' bytes is larger than the history payload size of '87' bytes and cannot be resized.[34;1m -> Function [36mcan_change_be_added_nts[m
[37;1m2026-09-24 13:02:30.758 [31;1m[[37;1mRTPS_READER_HISTORY[31;1m Error] [37mChange payload size of '92' bytes is larger than the history payload size of '87' bytes and cannot be resized.[34;1m -> Function [36mcan_change_be_added_nts[m
[37;1m2026-09-24 13:02:31.263 [31;1m[[37;1mRTPS_READER_HISTORY[31;1m Error] [37mChange payload size of '92' bytes is larger than the history payload size of '87' bytes and cannot be resized.[34;1m -> Function [36mcan_change_be_added_nts[m
[37;1m2026-09-24 13:02:31.795 [31;1m[[37;1mRTPS_READER_HISTORY[31;1m Error] [37mChange payload size of '92' bytes is larger than the history payload size of '87' bytes and cannot be resized.[34;1m -> Function [36mcan_change_be_added_nts[m
[37;1m2026-09-24 13:02:32.317 [31;1m[[37;1mRTPS_READER_HISTORY[31;1m Error] [37mChange payload size of '92' bytes is larger than the history payload size of '87' bytes and cannot be resized.[34;1m -> Function [36mcan_change_be_added_nts[m
[37;1m2026-09-24 13:02:32.858 [31;1m[[37;1mRTPS_READER_HISTORY[31;1m Error] [37mChange payload size of '92' bytes is larger than the history payload size of '87' bytes and cannot be resized.[34;1m -> Function [36mcan_change_be_added_nts[m
[37;1m2026-09-24 13:02:33.381 [31;1m[[37;1mRTPS_READER_HISTORY[31;1m Error] [37mChange payload size of '92' bytes is larger than the history payload size of '87' bytes and cannot be resized.[34;1m -> Function [36mcan_change_be_added_nts[m
[37;1m2026-09-24 13:02:33.898 [31;1m[[37;1mRTPS_READER_HISTORY[31;1m Error] [37mChange payload size of '92' bytes is larger than the history payload size of '87' bytes and cannot be resized.[34;1m -> Function [36mcan_change_be_added_nts[m
[37;1m2026-09-24 13:02:34.464 [31;1m[[37;1mRTPS_READER_HISTORY[31;1m Error] [37mChange payload size of '92' bytes is larger than the history payload size of '87' bytes and cannot be resized.[34;1m -> Function [36mcan_change_be_added_nts[m
[37;1m2026-09-24 13:02:34.942 [31;1m[[37;1mRTPS_READER_HISTORY[31;1m Error] [37mChange payload size of '92' bytes is larger than the history payload size of '87' bytes and cannot be resized.[34;1m -> Function [36mcan_change_be_added_nts[m
[37;1m2026-09-24 13:02:35.476 [31;1m[[37;1mRTPS_READER_HISTORY[31;1m Error] [37mChange payload size of '92' bytes is larger than the history payload size of '87' bytes and cannot be resized.[34;1m -> Function [36mcan_change_be_added_nts[m
[37;1m2026-09-24 13:02:36.003 [31;1m[[37;1mRTPS_READER_HISTORY[31;1m Error] [37mChange payload size of '92' bytes is larger than the history payload size of '87' bytes and cannot be resized.[34;1m -> Function [36mcan_change_be_added_nts[m
[37;1m2026-09-24 13:02:36.545 [31;1m[[37;1mRTPS_READER_HISTORY[31;1m Error] [37mChange payload size of '92' bytes is larger than the history payload size of '87' bytes and cannot be resized.[34;1m -> Function [36mcan_change_be_added_nts[m
[37;1m2026-09-24 13:02:37.060 [31;1m[[37;1mRTPS_READER_HISTORY[31;1m Error] [37mChange payload size of '92' bytes is larger than the history payload size of '87' bytes and cannot be resized.[34;1m -> Function [36mcan_change_be_added_nts[m
[37;1m2026-09-24 13:02:37.597 [31;1m[[37;1mRTPS_READER_HISTORY[31;1m Error] [37mChange payload size of '92' bytes is larger than the history payload size of '87' bytes and cannot be resized.[34;1m -> Function [36mcan_change_be_added_nts[m
[37;1m2026-09-24 13:02:38.120 [31;1m[[37;1mRTPS_READER_HISTORY[31;1m Error] [37mChange payload size of '92' bytes is larger than the history payload size of '87' bytes and cannot be resized.[34;1m -> Function [36mcan_change_be_added_nts[m
[37;1m2026-09-24 13:02:38.625 [31;1m[[37;1mRTPS_READER_HISTORY[31;1m Error] [37mChange payload size of '92' bytes is larger than the history payload size of '87' bytes and cannot be resized.[34;1m -> Function [36mcan_change_be_added_nts[m
[37;1m2026-09-24 13:02:39.156 [31;1m[[37;1mRTPS_READER_HISTORY[31;1m Error] [37mChange payload size of '92' bytes is larger than the history payload size of '87' bytes and cannot be resized.[34;1m -> Function [36mcan_change_be_added_nts[m
[37;1m2026-09-24 13:02:39.688 [31;1m[[37;1mRTPS_READER_HISTORY[31;1m Error] [37mChange payload size of '92' bytes is larger than the history payload size of '87' bytes and cannot be resized.[34;1m -> Function [36mcan_change_be_added_nts[m
[37;1m2026-09-24 13:02:40.213 [31;1m[[37;1mRTPS_READER_HISTORY[31;1m Error] [37mChange payload size of '92' bytes is larger than the history payload size of '87' bytes and cannot be resized.[34;1m -> Function [36mcan_change_be_added_nts[m
[37;1m2026-09-24 13:02:40.730 [31;1m[[37;1mRTPS_READER_HISTORY[31;1m Error] [37mChange payload size of '92' bytes is larger than the history payload size of '87' bytes and cannot be resized.[34;1m -> Function [36mcan_change_be_added_nts[m
[37;1m2026-09-24 13:02:41.261 [31;1m[[37;1mRTPS_READER_HISTORY[31;1m Error] [37mChange payload size of '92' bytes is larger than the history payload size of '87' bytes and cannot be resized.[34;1m -> Function [36mcan_change_be_added_nts[m
[37;1m2026-09-24 13:02:41.780 [31;1m[[37;1mRTPS_READER_HISTORY[31;1m Error] [37mChange payload size of '92' bytes is larger than the history payload size of '87' bytes and cannot be resized.[34;1m -> Function [36mcan_change_be_added_nts[m
[37;1m2026-09-24 13:02:42.307 [31;1m[[37;1mRTPS_READER_HISTORY[31;1m Error] [37mChange payload size of '92' bytes is larger than the history payload size of '87' bytes and cannot be resized.[34;1m -> Function [36mcan_change_be_added_nts[m
[37;1m2026-09-24 13:02:42.833 [31;1m[[37;1mRTPS_READER_HISTORY[31;1m Error] [37mChange payload size of '92' bytes is larger than the history payload size of '87' bytes and cannot be resized.[34;1m -> Function [36mcan_change_be_added_nts[m
[37;1m2026-09-24 13:02:43.349 [31;1m[[37;1mRTPS_READER_HISTORY[31;1m Error] [37mChange payload size of '92' bytes is larger than the history payload size of '87' bytes and cannot be resized.[34;1m -> Function [36mcan_change_be_added_nts[m
[37;1m2026-09-24 13:02:43.967 [31;1m[[37;1mRTPS_READER_HISTORY[31;1m Error] [37mChange payload size of '92' bytes is larger than the history payload size of '87' bytes and cannot be resized.[34;1m -> Function [36mcan_change_be_added_nts[m
[37;1m2026-09-24 13:02:44.418 [31;1m[[37;1mRTPS_READER_HISTORY[31;1m Error] [37mChange payload size of '92' bytes is larger than the history payload size of '87' bytes and cannot be resized.[34;1m -> Function [36mcan_change_be_added_nts[m
[37;1m2026-09-24 13:02:44.950 [31;1m[[37;1mRTPS_READER_HISTORY[31;1m Error] [37mChange payload size of '92' bytes is larger than the history payload size of '87' bytes and cannot be resized.[34;1m -> Function [36mcan_change_be_added_nts[m
[37;1m2026-09-24 13:02:45.497 [31;1m[[37;1mRTPS_READER_HISTORY[31;1m Error] [37mChange payload size of '92' bytes is larger than the history payload size of '87' bytes and cannot be resized.[34;1m -> Function [36mcan_change_be_added_nts[m
[37;1m2026-09-24 13:02:46.002 [31;1m[[37;1mRTPS_READER_HISTORY[31;1m Error] [37mChange payload size of '92' bytes is larger than the history payload size of '87' bytes and cannot be resized.[34;1m -> Function [36mcan_change_be_added_nts[m
[37;1m2026-09-24 13:02:46.533 [31;1m[[37;1mRTPS_READER_HISTORY[31;1m Error] [37mChange payload size of '92' bytes is larger than the history payload size of '87' bytes and cannot be resized.[34;1m -> Function [36mcan_change_be_added_nts[m
[37;1m2026-09-24 13:02:47.072 [31;1m[[37;1mRTPS_READER_HISTORY[31;1m Error] [37mChange payload size of '92' bytes is larger than the history payload size of '87' bytes and cannot be resized.[34;1m -> Function [36mcan_change_be_added_nts[m
[37;1m2026-09-24 13:02:47.599 [31;1m[[37;1mRTPS_READER_HISTORY[31;1m Error] [37mChange payload size of '92' bytes is larger than the history payload size of '87' bytes and cannot be resized.[34;1m -> Function [36mcan_change_be_added_nts[m
[37;1m2026-09-24 13:02:48.106 [31;1m[[37;1mRTPS_READER_HISTORY[31;1m Error] [37mChange payload size of '92' bytes is larger than the history payload size of '87' bytes and cannot be resized.[34;1m -> Function [36mcan_change_be_added_nts[m
[37;1m2026-09-24 13:02:48.622 [31;1m[[37;1mRTPS_READER_HISTORY[31;1m Error] [37mChange payload size of '92' bytes is larger than the history payload size of '87' bytes and cannot be resized.[34;1m -> Function [36mcan_change_be_added_nts[m
[37;1m2026-09-24 13:02:49.159 [31;1m[[37;1mRTPS_READER_HISTORY[31;1m Error] [37mChange payload size of '92' bytes is larger than the history payload size of '87' bytes and cannot be resized.[34;1m -> Function [36mcan_change_be_added_nts[m
[37;1m2026-09-24 13:02:50.216 [31;1m[[37;1mRTPS_READER_HISTORY[31;1m Error] [37mChange payload size of '92' bytes is larger than the history payload size of '87' bytes and cannot be resized.[34;1m -> Function [36mcan_change_be_added_nts[m
[37;1m2026-09-24 13:02:50.753 [31;1m[[37;1mRTPS_READER_HISTORY[31;1m Error] [37mChange payload size of '92' bytes is larger than the history payload size of '87' bytes and cannot be resized.[34;1m -> Function [36mcan_change_be_added_nts[m
[37;1m2026-09-24 13:02:51.283 [31;1m[[37;1mRTPS_READER_HISTORY[31;1m Error] [37mChange payload size of '92' bytes is larger than the history payload size of '87' bytes and cannot be resized.[34;1m -> Function [36mcan_change_be_added_nts[m
[37;1m2026-09-24 13:02:51.813 [31;1m[[37;1mRTPS_READER_HISTORY[31;1m Error] [37mChange payload size of '92' bytes is larger than the history payload size of '87' bytes and cannot be resized.[34;1m -> Function [36mcan_change_be_added_nts[m
[37;1m2026-09-24 13:02:52.341 [31;1m[[37;1mRTPS_READER_HISTORY[31;1m Error] [37mChange payload size of '92' bytes is larger than the history payload size of '87' bytes and cannot be resized.[34;1m -> Function [36mcan_change_be_added_nts[m
[37;1m2026-09-24 13:02:52.868 [31;1m[[37;1mRTPS_READER_HISTORY[31;1m Error] [37mChange payload size of '92' bytes is larger than the history payload size of '87' bytes and cannot be resized.[34;1m -> Function [36mcan_change_be_added_nts[m
[37;1m2026-09-24 13:02:53.404 [31;1m[[37;1mRTPS_READER_HISTORY[31;1m Error] [37mChange payload size of '92' bytes is larger than the history payload size of '87' bytes and cannot be resized.[34;1m -> Function [36mcan_change_be_added_nts[m
[37;1m2026-09-24 13:02:53.955 [31;1m[[37;1mRTPS_READER_HISTORY[31;1m Error] [37mChange payload size of '92' bytes is larger than the history payload size of '87' bytes and cannot be resized.[34;1m -> Function [36mcan_change_be_added_nts[m
[37;1m2026-09-24 13:02:54.471 [31;1m[[37;1mRTPS_READER_HISTORY[31;1m Error] [37mChange payload size of '92' bytes is larger than the history payload size of '87' bytes and cannot be resized.[34;1m -> Function [36mcan_change_be_added_nts[m
[37;1m2026-09-24 13:02:55.000 [31;1m[[37;1mRTPS_READER_HISTORY[31;1m Error] [37mChange payload size of '92' bytes is larger than the history payload size of '87' bytes and cannot be resized.[34;1m -> Function [36mcan_change_be_added_nts[m
[37;1m2026-09-24 13:02:55.526 [31;1m[[37;1mRTPS_READER_HISTORY[31;1m Error] [37mChange payload size of '92' bytes is larger than the history payload size of '87' bytes and cannot be resized.[34;1m -> Function [36mcan_change_be_added_nts[m
[37;1m2026-09-24 13:02:56.064 [31;1m[[37;1mRTPS_READER_HISTORY[31;1m Error] [37mChange payload size of '92' bytes is larger than the history payload size of '87' bytes and cannot be resized.[34;1m -> Function [36mcan_change_be_added_nts[m
[37;1m2026-09-24 13:02:56.584 [31;1m[[37;1mRTPS_READER_HISTORY[31;1m Error] [37mChange payload size of '92' bytes is larger than the history payload size of '87' bytes and cannot be resized.[34;1m -> Function [36mcan_change_be_added_nts[m
[37;1m2026-09-24 13:02:57.116 [31;1m[[37;1mRTPS_READER_HISTORY[31;1m Error] [37mChange payload size of '92' bytes is larger than the history payload size of '87' bytes and cannot be resized.[34;1m -> Function [36mcan_change_be_added_nts[m
[37;1m2026-09-24 13:02:57.633 [31;1m[[37;1mRTPS_READER_HISTORY[31;1m Error] [37mChange payload size of '92' bytes is larger than the history payload size of '87' bytes and cannot be resized.[34;1m -> Function [36mcan_change_be_added_nts[m
[37;1m2026-09-24 13:02:58.145 [31;1m[[37;1mRTPS_READER_HISTORY[31;1m Error] [37mChange payload size of '92' bytes is larger than the history payload size of '87' bytes and cannot be resized.[34;1m -> Function [36mcan_change_be_added_nts[m
[37;1m2026-09-24 13:02:58.677 [31;1m[[37;1mRTPS_READER_HISTORY[31;1m Error] [37mChange payload size of '92' bytes is larger than the history payload size of '87' bytes and cannot be resized.[34;1m -> Function [36mcan_change_be_added_nts[m
[37;1m2026-09-24 13:02:59.194 [31;1m[[37;1mRTPS_READER_HISTORY[31;1m Error] [37mChange payload size of '92' bytes is larger than the history payload size of '87' bytes and cannot be resized.[34;1m -> Function [36mcan_change_be_added_nts[m
[37;1m2026-09-24 13:02:59.718 [31;1m[[37;1mRTPS_READER_HISTORY[31;1m Error] [37mChange payload size of '92' bytes is larger than the history payload size of '87' bytes and cannot be resized.[34;1m -> Function [36mcan_change_be_added_nts[m
[37;1m2026-09-24 13:03:00.247 [31;1m[[37;1mRTPS_READER_HISTORY[31;1m Error] [37mChange payload size of '92' bytes is larger than the history payload size of '87' bytes and cannot be resized.[34;1m -> Function [36mcan_change_be_added_nts[m
[37;1m2026-09-24 13:03:00.828 [31;1m[[37;1mRTPS_READER_HISTORY[31;1m Error] [37mChange payload size of '92' bytes is larger than the history payload size of '87' bytes and cannot be resized.[34;1m -> Function [36mcan_change_be_added_nts[m
[37;1m2026-09-24 13:03:01.305 [31;1m[[37;1mRTPS_READER_HISTORY[31;1m Error] [37mChange payload size of '92' bytes is larger than the history payload size of '87' bytes and cannot be resized.[34;1m -> Function [36mcan_change_be_added_nts[m
[37;1m2026-09-24 13:03:01.837 [31;1m[[37;1mRTPS_READER_HISTORY[31;1m Error] [37mChange payload size of '92' bytes is larger than the history payload size of '87' bytes and cannot be resized.[34;1m -> Function [36mcan_change_be_added_nts[m
[37;1m2026-09-24 13:03:02.423 [31;1m[[37;1mRTPS_READER_HISTORY[31;1m Error] [37mChange payload size of '92' bytes is larger than the history payload size of '87' bytes and cannot be resized.[34;1m -> Function [36mcan_change_be_added_nts[m
[37;1m2026-09-24 13:03:03.009 [31;1m[[37;1mRTPS_READER_HISTORY[31;1m Error] [37mChange payload size of '92' bytes is larger than the history payload size of '87' bytes and cannot be resized.[34;1m -> Function [36mcan_change_be_added_nts[m
[37;1m2026-09-24 13:03:03.426 [31;1m[[37;1mRTPS_READER_HISTORY[31;1m Error] [37mChange payload size of '92' bytes is larger than the history payload size of '87' bytes and cannot be resized.[34;1m -> Function [36mcan_change_be_added_nts[m
[37;1m2026-09-24 13:03:03.955 [31;1m[[37;1mRTPS_READER_HISTORY[31;1m Error] [37mChange payload size of '92' bytes is larger than the history payload size of '87' bytes and cannot be resized.[34;1m -> Function [36mcan_change_be_added_nts[m
[37;1m2026-09-24 13:03:04.489 [31;1m[[37;1mRTPS_READER_HISTORY[31;1m Error] [37mChange payload size of '92' bytes is larger than the history payload size of '87' bytes and cannot be resized.[34;1m -> Function [36mcan_change_be_added_nts[m
[37;1m2026-09-24 13:03:04.997 [31;1m[[37;1mRTPS_READER_HISTORY[31;1m Error] [37mChange payload size of '92' bytes is larger than the history payload size of '87' bytes and cannot be resized.[34;1m -> Function [36mcan_change_be_added_nts[m
[37;1m2026-09-24 13:03:05.694 [31;1m[[37;1mRTPS_READER_HISTORY[31;1m Error] [37mChange payload size of '92' bytes is larger than the history payload size of '87' bytes and cannot be resized.[34;1m -> Function [36mcan_change_be_added_nts[m
[37;1m2026-09-24 13:03:06.057 [31;1m[[37;1mRTPS_READER_HISTORY[31;1m Error] [37mChange payload size of '92' bytes is larger than the history payload size of '87' bytes and cannot be resized.[34;1m -> Function [36mcan_change_be_added_nts[m
[37;1m2026-09-24 13:03:06.575 [31;1m[[37;1mRTPS_READER_HISTORY[31;1m Error] [37mChange payload size of '92' bytes is larger than the history payload size of '87' bytes and cannot be resized.[34;1m -> Function [36mcan_change_be_added_nts[m
[37;1m2026-09-24 13:03:07.152 [31;1m[[37;1mRTPS_READER_HISTORY[31;1m Error] [37mChange payload size of '92' bytes is larger than the history payload size of '87' bytes and cannot be resized.[34;1m -> Function [36mcan_change_be_added_nts[m
[37;1m2026-09-24 13:03:07.662 [31;1m[[37;1mRTPS_READER_HISTORY[31;1m Error] [37mChange payload size of '92' bytes is larger than the history payload size of '87' bytes and cannot be resized.[34;1m -> Function [36mcan_change_be_added_nts[m
[37;1m2026-09-24 13:03:08.180 [31;1m[[37;1mRTPS_READER_HISTORY[31;1m Error] [37mChange payload size of '92' bytes is larger than the history payload size of '87' bytes and cannot be resized.[34;1m -> Function [36mcan_change_be_added_nts[m
[37;1m2026-09-24 13:03:08.719 [31;1m[[37;1mRTPS_READER_HISTORY[31;1m Error] [37mChange payload size of '92' bytes is larger than the history payload size of '87' bytes and cannot be resized.[34;1m -> Function [36mcan_change_be_added_nts[m
[37;1m2026-09-24 13:03:09.257 [31;1m[[37;1mRTPS_READER_HISTORY[31;1m Error] [37mChange payload size of '92' bytes is larger than the history payload size of '87' bytes and cannot be resized.[34;1m -> Function [36mcan_change_be_added_nts[m
[37;1m2026-09-24 13:03:09.763 [31;1m[[37;1mRTPS_READER_HISTORY[31;1m Error] [37mChange payload size of '92' bytes is larger than the history payload size of '87' bytes and cannot be resized.[34;1m -> Function [36mcan_change_be_added_nts[m
[37;1m2026-09-24 13:03:10.298 [31;1m[[37;1mRTPS_READER_HISTORY[31;1m Error] [37mChange payload size of '92' bytes is larger than the history payload size of '87' bytes and cannot be resized.[34;1m -> Function [36mcan_change_be_added_nts[m
[37;1m2026-09-24 13:03:10.821 [31;1m[[37;1mRTPS_READER_HISTORY[31;1m Error] [37mChange payload size of '92' bytes is larger than the history payload size of '87' bytes and cannot be resized.[34;1m -> Function [36mcan_change_be_added_nts[m
[37;1m2026-09-24 13:03:11.351 [31;1m[[37;1mRTPS_READER_HISTORY[31;1m Error] [37mChange payload size of '92' bytes is larger than the history payload size of '87' bytes and cannot be resized.[34;1m -> Function [36mcan_change_be_added_nts[m
[37;1m2026-09-24 13:03:11.891 [31;1m[[37;1mRTPS_READER_HISTORY[31;1m Error] [37mChange payload size of '92' bytes is larger than the history payload size of '87' bytes and cannot be resized.[34;1m -> Function [36mcan_change_be_added_nts[m
[37;1m2026-09-24 13:03:12.379 [31;1m[[37;1mRTPS_READER_HISTORY[31;1m Error] [37mChange payload size of '92' bytes is larger than the history payload size of '87' bytes and cannot be resized.[34;1m -> Function [36mcan_change_be_added_nts[m
[37;1m2026-09-24 13:03:12.911 [31;1m[[37;1mRTPS_READER_HISTORY[31;1m Error] [37mChange payload size of '92' bytes is larger than the history payload size of '87' bytes and cannot be resized.[34;1m -> Function [36mcan_change_be_added_nts[m
[37;1m2026-09-24 13:03:13.427 [31;1m[[37;1mRTPS_READER_HISTORY[31;1m Error] [37mChange payload size of '92' bytes is larger than the history payload size of '87' bytes and cannot be resized.[34;1m -> Function [36mcan_change_be_added_nts[m
[37;1m2026-09-24 13:03:13.953 [31;1m[[37;1mRTPS_READER_HISTORY[31;1m Error] [37mChange payload size of '92' bytes is larger than the history payload size of '87' bytes and cannot be resized.[34;1m -> Function [36mcan_change_be_added_nts[m
[37;1m2026-09-24 13:03:14.496 [31;1m[[37;1mRTPS_READER_HISTORY[31;1m Error] [37mChange payload size of '92' bytes is larger than the history payload size of '87' bytes and cannot be resized.[34;1m -> Function [36mcan_change_be_added_nts[m
[37;1m2026-09-24 13:03:15.017 [31;1m[[37;1mRTPS_READER_HISTORY[31;1m Error] [37mChange payload size of '92' bytes is larger than the history payload size of '87' bytes and cannot be resized.[34;1m -> Function [36mcan_change_be_added_nts[m
[37;1m2026-09-24 13:03:15.533 [31;1m[[37;1mRTPS_READER_HISTORY[31;1m Error] [37mChange payload size of '92' bytes is larger than the history payload size of '87' bytes and cannot be resized.[34;1m -> Function [36mcan_change_be_added_nts[m
[37;1m2026-09-24 13:03:16.078 [31;1m[[37;1mRTPS_READER_HISTORY[31;1m Error] [37mChange payload size of '92' bytes is larger than the history payload size of '87' bytes and cannot be resized.[34;1m -> Function [36mcan_change_be_added_nts[m
[37;1m2026-09-24 13:03:16.597 [31;1m[[37;1mRTPS_READER_HISTORY[31;1m Error] [37mChange payload size of '92' bytes is larger than the history payload size of '87' bytes and cannot be resized.[34;1m -> Function [36mcan_change_be_added_nts[m
[37;1m2026-09-24 13:03:17.131 [31;1m[[37;1mRTPS_READER_HISTORY[31;1m Error] [37mChange payload size of '92' bytes is larger than the history payload size of '87' bytes and cannot be resized.[34;1m -> Function [36mcan_change_be_added_nts[m
[37;1m2026-09-24 13:03:17.661 [31;1m[[37;1mRTPS_READER_HISTORY[31;1m Error] [37mChange payload size of '92' bytes is larger than the history payload size of '87' bytes and cannot be resized.[34;1m -> Function [36mcan_change_be_added_nts[m
[37;1m2026-09-24 13:03:18.437 [31;1m[[37;1mRTPS_READER_HISTORY[31;1m Error] [37mChange payload size of '92' bytes is larger than the history payload size of '87' bytes and cannot be resized.[34;1m -> Function [36mcan_change_be_added_nts[m
[37;1m2026-09-24 13:03:18.680 [31;1m[[37;1mRTPS_READER_HISTORY[31;1m Error] [37mChange payload size of '92' bytes is larger than the history payload size of '87' bytes and cannot be resized.[34;1m -> Function [36mcan_change_be_added_nts[m
[37;1m2026-09-24 13:03:19.210 [31;1m[[37;1mRTPS_READER_HISTORY[31;1m Error] [37mChange payload size of '92' bytes is larger than the history payload size of '87' bytes and cannot be resized.[34;1m -> Function [36mcan_change_be_added_nts[m
[37;1m2026-09-24 13:03:19.727 [31;1m[[37;1mRTPS_READER_HISTORY[31;1m Error] [37mChange payload size of '92' bytes is larger than the history payload size of '87' bytes and cannot be resized.[34;1m -> Function [36mcan_change_be_added_nts[m
[37;1m2026-09-24 13:03:20.424 [31;1m[[37;1mRTPS_READER_HISTORY[31;1m Error] [37mChange payload size of '92' bytes is larger than the history payload size of '87' bytes and cannot be resized.[34;1m -> Function [36mcan_change_be_added_nts[m
[37;1m2026-09-24 13:03:20.767 [31;1m[[37;1mRTPS_READER_HISTORY[31;1m Error] [37mChange payload size of '92' bytes is larger than the history payload size of '87' bytes and cannot be resized.[34;1m -> Function [36mcan_change_be_added_nts[m
[37;1m2026-09-24 13:03:21.292 [31;1m[[37;1mRTPS_READER_HISTORY[31;1m Error] [37mChange payload size of '92' bytes is larger than the history payload size of '87' bytes and cannot be resized.[34;1m -> Function [36mcan_change_be_added_nts[m
[37;1m2026-09-24 13:03:21.823 [31;1m[[37;1mRTPS_READER_HISTORY[31;1m Error] [37mChange payload size of '92' bytes is larger than the history payload size of '87' bytes and cannot be resized.[34;1m -> Function [36mcan_change_be_added_nts[m
[37;1m2026-09-24 13:03:22.616 [31;1m[[37;1mRTPS_READER_HISTORY[31;1m Error] [37mChange payload size of '92' bytes is larger than the history payload size of '87' bytes and cannot be resized.[34;1m -> Function [36mcan_change_be_added_nts[m
[37;1m2026-09-24 13:03:22.911 [31;1m[[37;1mRTPS_READER_HISTORY[31;1m Error] [37mChange payload size of '92' bytes is larger than the history payload size of '87' bytes and cannot be resized.[34;1m -> Function [36mcan_change_be_added_nts[m
[37;1m2026-09-24 13:03:23.468 [31;1m[[37;1mRTPS_READER_HISTORY[31;1m Error] [37mChange payload size of '92' bytes is larger than the history payload size of '87' bytes and cannot be resized.[34;1m -> Function [36mcan_change_be_added_nts[m
[37;1m2026-09-24 13:03:23.968 [31;1m[[37;1mRTPS_READER_HISTORY[31;1m Error] [37mChange payload size of '92' bytes is larger than the history payload size of '87' bytes and cannot be resized.[34;1m -> Function [36mcan_change_be_added_nts[m
[37;1m2026-09-24 13:03:24.499 [31;1m[[37;1mRTPS_READER_HISTORY[31;1m Error] [37mChange payload size of '92' bytes is larger than the history payload size of '87' bytes and cannot be resized.[34;1m -> Function [36mcan_change_be_added_nts[m
[37;1m2026-09-24 13:03:25.095 [31;1m[[37;1mRTPS_READER_HISTORY[31;1m Error] [37mChange payload size of '92' bytes is larger than the history payload size of '87' bytes and cannot be resized.[34;1m -> Function [36mcan_change_be_added_nts[m
[37;1m2026-09-24 13:03:25.557 [31;1m[[37;1mRTPS_READER_HISTORY[31;1m Error] [37mChange payload size of '92' bytes is larger than the history payload size of '87' bytes and cannot be resized.[34;1m -> Function [36mcan_change_be_added_nts[m
[37;1m2026-09-24 13:03:25.760 [31;1m[[37;1mRTPS_READER_HISTORY[31;1m Error] [37mChange payload size of '92' bytes is larger than the history payload size of '87' bytes and cannot be resized.[34;1m -> Function [36mcan_change_be_added_nts[m
[37;1m2026-09-24 13:03:26.285 [31;1m[[37;1mRTPS_READER_HISTORY[31;1m Error] [37mChange payload size of '92' bytes is larger than the history payload size of '87' bytes and cannot be resized.[34;1m -> Function [36mcan_change_be_added_nts[m
[37;1m2026-09-24 13:03:26.800 [31;1m[[37;1mRTPS_READER_HISTORY[31;1m Error] [37mChange payload size of '92' bytes is larger than the history payload size of '87' bytes and cannot be resized.[34;1m -> Function [36mcan_change_be_added_nts[m
[37;1m2026-09-24 13:03:27.336 [31;1m[[37;1mRTPS_READER_HISTORY[31;1m Error] [37mChange payload size of '92' bytes is larger than the history payload size of '87' bytes and cannot be resized.[34;1m -> Function [36mcan_change_be_added_nts[m
[37;1m2026-09-24 13:03:27.832 [31;1m[[37;1mRTPS_READER_HISTORY[31;1m Error] [37mChange payload size of '92' bytes is larger than the history payload size of '87' bytes and cannot be resized.[34;1m -> Function [36mcan_change_be_added_nts[m
[37;1m2026-09-24 13:03:28.341 [31;1m[[37;1mRTPS_READER_HISTORY[31;1m Error] [37mChange payload size of '92' bytes is larger than the history payload size of '87' bytes and cannot be resized.[34;1m -> Function [36mcan_change_be_added_nts[m
[37;1m2026-09-24 13:03:28.877 [31;1m[[37;1mRTPS_READER_HISTORY[31;1m Error] [37mChange payload size of '92' bytes is larger than the history payload size of '87' bytes and cannot be resized.[34;1m -> Function [36mcan_change_be_added_nts[m
[37;1m2026-09-24 13:03:29.468 [31;1m[[37;1mRTPS_READER_HISTORY[31;1m Error] [37mChange payload size of '92' bytes is larger than the history payload size of '87' bytes and cannot be resized.[34;1m -> Function [36mcan_change_be_added_nts[m
[37;1m2026-09-24 13:03:29.925 [31;1m[[37;1mRTPS_READER_HISTORY[31;1m Error] [37mChange payload size of '92' bytes is larger than the history payload size of '87' bytes and cannot be resized.[34;1m -> Function [36mcan_change_be_added_nts[m
[37;1m2026-09-24 13:03:30.487 [31;1m[[37;1mRTPS_READER_HISTORY[31;1m Error] [37mChange payload size of '92' bytes is larger than the history payload size of '87' bytes and cannot be resized.[34;1m -> Function [36mcan_change_be_added_nts[m
[37;1m2026-09-24 13:03:30.986 [31;1m[[37;1mRTPS_READER_HISTORY[31;1m Error] [37mChange payload size of '92' bytes is larger than the history payload size of '87' bytes and cannot be resized.[34;1m -> Function [36mcan_change_be_added_nts[m
[37;1m2026-09-24 13:03:31.510 [31;1m[[37;1mRTPS_READER_HISTORY[31;1m Error] [37mChange payload size of '92' bytes is larger than the history payload size of '87' bytes and cannot be resized.[34;1m -> Function [36mcan_change_be_added_nts[m
[37;1m2026-09-24 13:03:32.191 [31;1m[[37;1mRTPS_READER_HISTORY[31;1m Error] [37mChange payload size of '92' bytes is larger than the history payload size of '87' bytes and cannot be resized.[34;1m -> Function [36mcan_change_be_added_nts[m
[37;1m2026-09-24 13:03:32.733 [31;1m[[37;1mRTPS_READER_HISTORY[31;1m Error] [37mChange payload size of '92' bytes is larger than the history payload size of '87' bytes and cannot be resized.[34;1m -> Function [36mcan_change_be_added_nts[m
[37;1m2026-09-24 13:03:33.073 [31;1m[[37;1mRTPS_READER_HISTORY[31;1m Error] [37mChange payload size of '92' bytes is larger than the history payload size of '87' bytes and cannot be resized.[34;1m -> Function [36mcan_change_be_added_nts[m
[37;1m2026-09-24 13:03:33.602 [31;1m[[37;1mRTPS_READER_HISTORY[31;1m Error] [37mChange payload size of '92' bytes is larger than the history payload size of '87' bytes and cannot be resized.[34;1m -> Function [36mcan_change_be_added_nts[m
[37;1m2026-09-24 13:03:34.133 [31;1m[[37;1mRTPS_READER_HISTORY[31;1m Error] [37mChange payload size of '92' bytes is larger than the history payload size of '87' bytes and cannot be resized.[34;1m -> Function [36mcan_change_be_added_nts[m
[37;1m2026-09-24 13:03:34.662 [31;1m[[37;1mRTPS_READER_HISTORY[31;1m Error] [37mChange payload size of '92' bytes is larger than the history payload size of '87' bytes and cannot be resized.[34;1m -> Function [36mcan_change_be_added_nts[m
[37;1m2026-09-24 13:03:35.193 [31;1m[[37;1mRTPS_READER_HISTORY[31;1m Error] [37mChange payload size of '92' bytes is larger than the history payload size of '87' bytes and cannot be resized.[34;1m -> Function [36mcan_change_be_added_nts[m
[37;1m2026-09-24 13:03:35.732 [31;1m[[37;1mRTPS_READER_HISTORY[31;1m Error] [37mChange payload size of '92' bytes is larger than the history payload size of '87' bytes and cannot be resized.[34;1m -> Function [36mcan_change_be_added_nts[m
[37;1m2026-09-24 13:03:36.230 [31;1m[[37;1mRTPS_READER_HISTORY[31;1m Error] [37mChange payload size of '92' bytes is larger than the history payload size of '87' bytes and cannot be resized.[34;1m -> Function [36mcan_change_be_added_nts[m
[37;1m2026-09-24 13:03:36.884 [31;1m[[37;1mRTPS_READER_HISTORY[31;1m Error] [37mChange payload size of '92' bytes is larger than the history payload size of '87' bytes and cannot be resized.[34;1m -> Function [36mcan_change_be_added_nts[m
[37;1m2026-09-24 13:03:37.278 [31;1m[[37;1mRTPS_READER_HISTORY[31;1m Error] [37mChange payload size of '92' bytes is larger than the history payload size of '87' bytes and cannot be resized.[34;1m -> Function [36mcan_change_be_added_nts[m
[37;1m2026-09-24 13:03:37.809 [31;1m[[37;1mRTPS_READER_HISTORY[31;1m Error] [37mChange payload size of '92' bytes is larger than the history payload size of '87' bytes and cannot be resized.[34;1m -> Function [36mcan_change_be_added_nts[m
[37;1m2026-09-24 13:03:38.335 [31;1m[[37;1mRTPS_READER_HISTORY[31;1m Error] [37mChange payload size of '92' bytes is larger than the history payload size of '87' bytes and cannot be resized.[34;1m -> Function [36mcan_change_be_added_nts[m
[37;1m2026-09-24 13:03:38.986 [31;1m[[37;1mRTPS_READER_HISTORY[31;1m Error] [37mChange payload size of '92' bytes is larger than the history payload size of '87' bytes and cannot be resized.[34;1m -> Function [36mcan_change_be_added_nts[m
[37;1m2026-09-24 13:03:39.527 [31;1m[[37;1mRTPS_READER_HISTORY[31;1m Error] [37mChange payload size of '92' bytes is larger than the history payload size of '87' bytes and cannot be resized.[34;1m -> Function [36mcan_change_be_added_nts[m
[37;1m2026-09-24 13:03:39.930 [31;1m[[37;1mRTPS_READER_HISTORY[31;1m Error] [37mChange payload size of '92' bytes is larger than the history payload size of '87' bytes and cannot be resized.[34;1m -> Function [36mcan_change_be_added_nts[m
[37;1m2026-09-24 13:03:40.441 [31;1m[[37;1mRTPS_READER_HISTORY[31;1m Error] [37mChange payload size of '92' bytes is larger than the history payload size of '87' bytes and cannot be resized.[34;1m -> Function [36mcan_change_be_added_nts[m
[37;1m2026-09-24 13:03:40.971 [31;1m[[37;1mRTPS_READER_HISTORY[31;1m Error] [37mChange payload size of '92' bytes is larger than the history payload size of '87' bytes and cannot be resized.[34;1m -> Function [36mcan_change_be_added_nts[m
[37;1m2026-09-24 13:03:41.859 [31;1m[[37;1mRTPS_READER_HISTORY[31;1m Error] [37mChange payload size of '92' bytes is larger than the history payload size of '87' bytes and cannot be resized.[34;1m -> Function [36mcan_change_be_added_nts[m
[37;1m2026-09-24 13:03:42.215 [31;1m[[37;1mRTPS_READER_HISTORY[31;1m Error] [37mChange payload size of '92' bytes is larger than the history payload size of '87' bytes and cannot be resized.[34;1m -> Function [36mcan_change_be_added_nts[m
[37;1m2026-09-24 13:03:42.572 [31;1m[[37;1mRTPS_READER_HISTORY[31;1m Error] [37mChange payload size of '92' bytes is larger than the history payload size of '87' bytes and cannot be resized.[34;1m -> Function [36mcan_change_be_added_nts[m
[37;1m2026-09-24 13:03:43.094 [31;1m[[37;1mRTPS_READER_HISTORY[31;1m Error] [37mChange payload size of '92' bytes is larger than the history payload size of '87' bytes and cannot be resized.[34;1m -> Function [36mcan_change_be_added_nts[m
[37;1m2026-09-24 13:03:43.647 [31;1m[[37;1mRTPS_READER_HISTORY[31;1m Error] [37mChange payload size of '92' bytes is larger than the history payload size of '87' bytes and cannot be resized.[34;1m -> Function [36mcan_change_be_added_nts[m
[37;1m2026-09-24 13:03:44.148 [31;1m[[37;1mRTPS_READER_HISTORY[31;1m Error] [37mChange payload size of '92' bytes is larger than the history payload size of '87' bytes and cannot be resized.[34;1m -> Function [36mcan_change_be_added_nts[m
[37;1m2026-09-24 13:03:44.663 [31;1m[[37;1mRTPS_READER_HISTORY[31;1m Error] [37mChange payload size of '92' bytes is larger than the history payload size of '87' bytes and cannot be resized.[34;1m -> Function [36mcan_change_be_added_nts[m
[37;1m2026-09-24 13:03:45.192 [31;1m[[37;1mRTPS_READER_HISTORY[31;1m Error] [37mChange payload size of '92' bytes is larger than the history payload size of '87' bytes and cannot be resized.[34;1m -> Function [36mcan_change_be_added_nts[m
[37;1m2026-09-24 13:03:45.706 [31;1m[[37;1mRTPS_READER_HISTORY[31;1m Error] [37mChange payload size of '92' bytes is larger than the history payload size of '87' bytes and cannot be resized.[34;1m -> Function [36mcan_change_be_added_nts[m
[37;1m2026-09-24 13:03:46.425 [31;1m[[37;1mRTPS_READER_HISTORY[31;1m Error] [37mChange payload size of '92' bytes is larger than the history payload size of '87' bytes and cannot be resized.[34;1m -> Function [36mcan_change_be_added_nts[m
[37;1m2026-09-24 13:03:46.794 [31;1m[[37;1mRTPS_READER_HISTORY[31;1m Error] [37mChange payload size of '92' bytes is larger than the history payload size of '87' bytes and cannot be resized.[34;1m -> Function [36mcan_change_be_added_nts[m
[37;1m2026-09-24 13:03:47.291 [31;1m[[37;1mRTPS_READER_HISTORY[31;1m Error] [37mChange payload size of '92' bytes is larger than the history payload size of '87' bytes and cannot be resized.[34;1m -> Function [36mcan_change_be_added_nts[m
[37;1m2026-09-24 13:03:47.804 [31;1m[[37;1mRTPS_READER_HISTORY[31;1m Error] [37mChange payload size of '92' bytes is larger than the history payload size of '87' bytes and cannot be resized.[34;1m -> Function [36mcan_change_be_added_nts[m
[37;1m2026-09-24 13:03:48.340 [31;1m[[37;1mRTPS_READER_HISTORY[31;1m Error] [37mChange payload size of '92' bytes is larger than the history payload size of '87' bytes and cannot be resized.[34;1m -> Function [36mcan_change_be_added_nts[m
[37;1m2026-09-24 13:03:48.862 [31;1m[[37;1mRTPS_READER_HISTORY[31;1m Error] [37mChange payload size of '92' bytes is larger than the history payload size of '87' bytes and cannot be resized.[34;1m -> Function [36mcan_change_be_added_nts[m
[37;1m2026-09-24 13:03:49.395 [31;1m[[37;1mRTPS_READER_HISTORY[31;1m Error] [37mChange payload size of '92' bytes is larger than the history payload size of '87' bytes and cannot be resized.[34;1m -> Function [36mcan_change_be_added_nts[m
[37;1m2026-09-24 13:03:49.918 [31;1m[[37;1mRTPS_READER_HISTORY[31;1m Error] [37mChange payload size of '92' bytes is larger than the history payload size of '87' bytes and cannot be resized.[34;1m -> Function [36mcan_change_be_added_nts[m
[37;1m2026-09-24 13:03:50.656 [31;1m[[37;1mRTPS_READER_HISTORY[31;1m Error] [37mChange payload size of '92' bytes is larger than the history payload size of '87' bytes and cannot be resized.[34;1m -> Function [36mcan_change_be_added_nts[m
[37;1m2026-09-24 13:03:51.124 [31;1m[[37;1mRTPS_READER_HISTORY[31;1m Error] [37mChange payload size of '92' bytes is larger than the history payload size of '87' bytes and cannot be resized.[34;1m -> Function [36mcan_change_be_added_nts[m
[37;1m2026-09-24 13:03:51.514 [31;1m[[37;1mRTPS_READER_HISTORY[31;1m Error] [37mChange payload size of '92' bytes is larger than the history payload size of '87' bytes and cannot be resized.[34;1m -> Function [36mcan_change_be_added_nts[m
[37;1m2026-09-24 13:03:52.033 [31;1m[[37;1mRTPS_READER_HISTORY[31;1m Error] [37mChange payload size of '92' bytes is larger than the history payload size of '87' bytes and cannot be resized.[34;1m -> Function [36mcan_change_be_added_nts[m
[37;1m2026-09-24 13:03:52.558 [31;1m[[37;1mRTPS_READER_HISTORY[31;1m Error] [37mChange payload size of '92' bytes is larger than the history payload size of '87' bytes and cannot be resized.[34;1m -> Function [36mcan_change_be_added_nts[m
[37;1m2026-09-24 13:03:53.129 [31;1m[[37;1mRTPS_READER_HISTORY[31;1m Error] [37mChange payload size of '92' bytes is larger than the history payload size of '87' bytes and cannot be resized.[34;1m -> Function [36mcan_change_be_added_nts[m
[37;1m2026-09-24 13:03:53.597 [31;1m[[37;1mRTPS_READER_HISTORY[31;1m Error] [37mChange payload size of '92' bytes is larger than the history payload size of '87' bytes and cannot be resized.[34;1m -> Function [36mcan_change_be_added_nts[m
[37;1m2026-09-24 13:03:54.105 [31;1m[[37;1mRTPS_READER_HISTORY[31;1m Error] [37mChange payload size of '92' bytes is larger than the history payload size of '87' bytes and cannot be resized.[34;1m -> Function [36mcan_change_be_added_nts[m
[37;1m2026-09-24 13:03:54.623 [31;1m[[37;1mRTPS_READER_HISTORY[31;1m Error] [37mChange payload size of '92' bytes is larger than the history payload size of '87' bytes and cannot be resized.[34;1m -> Function [36mcan_change_be_added_nts[m
[37;1m2026-09-24 13:03:55.127 [31;1m[[37;1mRTPS_READER_HISTORY[31;1m Error] [37mChange payload size of '92' bytes is larger than the history payload size of '87' bytes and cannot be resized.[34;1m -> Function [36mcan_change_be_added_nts[m
[37;1m2026-09-24 13:03:55.668 [31;1m[[37;1mRTPS_READER_HISTORY[31;1m Error] [37mChange payload size of '92' bytes is larger than the history payload size of '87' bytes and cannot be resized.[34;1m -> Function [36mcan_change_be_added_nts[m
[37;1m2026-09-24 13:03:56.193 [31;1m[[37;1mRTPS_READER_HISTORY[31;1m Error] [37mChange payload size of '92' bytes is larger than the history payload size of '87' bytes and cannot be resized.[34;1m -> Function [36mcan_change_be_added_nts[m
[37;1m2026-09-24 13:03:56.713 [31;1m[[37;1mRTPS_READER_HISTORY[31;1m Error] [37mChange payload size of '92' bytes is larger than the history payload size of '87' bytes and cannot be resized.[34;1m -> Function [36mcan_change_be_added_nts[m
[37;1m2026-09-24 13:03:57.236 [31;1m[[37;1mRTPS_READER_HISTORY[31;1m Error] [37mChange payload size of '92' bytes is larger than the history payload size of '87' bytes and cannot be resized.[34;1m -> Function [36mcan_change_be_added_nts[m
[INFO] [1790269437.405557781] [rosbag2_cpp]: Writing remaining messages from cache to the bag. It may take a while
[INFO] [1790269437.406918929] [rosbag2_recorder]: Event publisher thread: Exiting
[INFO] [1790269437.406979907] [rosbag2_recorder]: Recording stopped
