stdin is not a terminal device. Keyboard handling disabled.[INFO] [1790269339.865805069] [rosbag2_recorder]: Press SPACE for pausing/resuming
[INFO] [1790269339.866904485] [rosbag2_storage]: Opened database '/home/vmbasvi/HALO_ARCHIVAL_TOOL/archives/20260924_170120_UTC_five_drone_30s_rosbag_px4/drones/D0013/ros_bags/20260924_170120_UTC_five_drone_30s_rosbag_px4__D0013_ground_rosbag/20260924_170120_UTC_five_drone_30s_rosbag_px4__D0013_ground_rosbag_0.db3' for READ_WRITE.
[INFO] [1790269339.867354604] [rosbag2_recorder]: Listening for topics...
[INFO] [1790269339.867394396] [rosbag2_recorder]: Event publisher thread: Starting
[INFO] [1790269339.867881435] [rosbag2_recorder]: Subscribed to topic '/rosout'
[INFO] [1790269339.868238396] [rosbag2_recorder]: Subscribed to topic '/events/write_split'
[INFO] [1790269339.868290631] [rosbag2_recorder]: Recording...
[INFO] [1790269339.969174300] [rosbag2_recorder]: Subscribed to topic '/parameter_events'
[INFO] [1790269340.071193337] [rosbag2_recorder]: Subscribed to topic '/fmu/out/position_setpoint_triplet'
[INFO] [1790269340.072173466] [rosbag2_recorder]: Subscribed to topic '/fmu/out/battery_status'
[INFO] [1790269340.072932201] [rosbag2_recorder]: Subscribed to topic '/fmu/out/sensor_combined'
[INFO] [1790269340.073858782] [rosbag2_recorder]: Subscribed to topic '/fmu/out/failsafe_flags'
[INFO] [1790269340.074314192] [rosbag2_recorder]: Subscribed to topic '/fmu/out/timesync_status'
[INFO] [1790269340.075070999] [rosbag2_recorder]: Subscribed to topic '/fmu/out/vehicle_control_mode'
[INFO] [1790269340.075800375] [rosbag2_recorder]: Subscribed to topic '/fmu/out/vehicle_attitude'
[INFO] [1790269340.076805893] [rosbag2_recorder]: Subscribed to topic '/fmu/out/vehicle_local_position'
[INFO] [1790269340.077579572] [rosbag2_recorder]: Subscribed to topic '/fmu/out/vehicle_odometry'
[INFO] [1790269340.078168486] [rosbag2_recorder]: Subscribed to topic '/fmu/out/vehicle_status'
[37;1m2026-09-24 13:02:20.150 [31;1m[[37;1mRTPS_READER_HISTORY[31;1m Error] [37mChange payload size of '92' bytes is larger than the history payload size of '87' bytes and cannot be resized.[34;1m -> Function [36mcan_change_be_added_nts[m
[37;1m2026-09-24 13:02:20.675 [31;1m[[37;1mRTPS_READER_HISTORY[31;1m Error] [37mChange payload size of '92' bytes is larger than the history payload size of '87' bytes and cannot be resized.[34;1m -> Function [36mcan_change_be_added_nts[m
[37;1m2026-09-24 13:02:21.199 [31;1m[[37;1mRTPS_READER_HISTORY[31;1m Error] [37mChange payload size of '92' bytes is larger than the history payload size of '87' bytes and cannot be resized.[34;1m -> Function [36mcan_change_be_added_nts[m
[37;1m2026-09-24 13:02:21.735 [31;1m[[37;1mRTPS_READER_HISTORY[31;1m Error] [37mChange payload size of '92' bytes is larger than the history payload size of '87' bytes and cannot be resized.[34;1m -> Function [36mcan_change_be_added_nts[m
[37;1m2026-09-24 13:02:22.253 [31;1m[[37;1mRTPS_READER_HISTORY[31;1m Error] [37mChange payload size of '92' bytes is larger than the history payload size of '87' bytes and cannot be resized.[34;1m -> Function [36mcan_change_be_added_nts[m
[37;1m2026-09-24 13:02:22.766 [31;1m[[37;1mRTPS_READER_HISTORY[31;1m Error] [37mChange payload size of '92' bytes is larger than the history payload size of '87' bytes and cannot be resized.[34;1m -> Function [36mcan_change_be_added_nts[m
[37;1m2026-09-24 13:02:23.614 [31;1m[[37;1mRTPS_READER_HISTORY[31;1m Error] [37mChange payload size of '92' bytes is larger than the history payload size of '87' bytes and cannot be resized.[34;1m -> Function [36mcan_change_be_added_nts[m
[37;1m2026-09-24 13:02:23.835 [31;1m[[37;1mRTPS_READER_HISTORY[31;1m Error] [37mChange payload size of '92' bytes is larger than the history payload size of '87' bytes and cannot be resized.[34;1m -> Function [36mcan_change_be_added_nts[m
[37;1m2026-09-24 13:02:24.377 [31;1m[[37;1mRTPS_READER_HISTORY[31;1m Error] [37mChange payload size of '92' bytes is larger than the history payload size of '87' bytes and cannot be resized.[34;1m -> Function [36mcan_change_be_added_nts[m
[37;1m2026-09-24 13:02:24.910 [31;1m[[37;1mRTPS_READER_HISTORY[31;1m Error] [37mChange payload size of '92' bytes is larger than the history payload size of '87' bytes and cannot be resized.[34;1m -> Function [36mcan_change_be_added_nts[m
[37;1m2026-09-24 13:02:25.432 [31;1m[[37;1mRTPS_READER_HISTORY[31;1m Error] [37mChange payload size of '92' bytes is larger than the history payload size of '87' bytes and cannot be resized.[34;1m -> Function [36mcan_change_be_added_nts[m
[37;1m2026-09-24 13:02:25.944 [31;1m[[37;1mRTPS_READER_HISTORY[31;1m Error] [37mChange payload size of '92' bytes is larger than the history payload size of '87' bytes and cannot be resized.[34;1m -> Function [36mcan_change_be_added_nts[m
[37;1m2026-09-24 13:02:26.469 [31;1m[[37;1mRTPS_READER_HISTORY[31;1m Error] [37mChange payload size of '92' bytes is larger than the history payload size of '87' bytes and cannot be resized.[34;1m -> Function [36mcan_change_be_added_nts[m
[37;1m2026-09-24 13:02:26.982 [31;1m[[37;1mRTPS_READER_HISTORY[31;1m Error] [37mChange payload size of '92' bytes is larger than the history payload size of '87' bytes and cannot be resized.[34;1m -> Function [36mcan_change_be_added_nts[m
[37;1m2026-09-24 13:02:27.505 [31;1m[[37;1mRTPS_READER_HISTORY[31;1m Error] [37mChange payload size of '92' bytes is larger than the history payload size of '87' bytes and cannot be resized.[34;1m -> Function [36mcan_change_be_added_nts[m
[37;1m2026-09-24 13:02:28.044 [31;1m[[37;1mRTPS_READER_HISTORY[31;1m Error] [37mChange payload size of '92' bytes is larger than the history payload size of '87' bytes and cannot be resized.[34;1m -> Function [36mcan_change_be_added_nts[m
[37;1m2026-09-24 13:02:28.578 [31;1m[[37;1mRTPS_READER_HISTORY[31;1m Error] [37mChange payload size of '92' bytes is larger than the history payload size of '87' bytes and cannot be resized.[34;1m -> Function [36mcan_change_be_added_nts[m
[37;1m2026-09-24 13:02:29.087 [31;1m[[37;1mRTPS_READER_HISTORY[31;1m Error] [37mChange payload size of '92' bytes is larger than the history payload size of '87' bytes and cannot be resized.[34;1m -> Function [36mcan_change_be_added_nts[m
[37;1m2026-09-24 13:02:29.634 [31;1m[[37;1mRTPS_READER_HISTORY[31;1m Error] [37mChange payload size of '92' bytes is larger than the history payload size of '87' bytes and cannot be resized.[34;1m -> Function [36mcan_change_be_added_nts[m
[37;1m2026-09-24 13:02:30.174 [31;1m[[37;1mRTPS_READER_HISTORY[31;1m Error] [37mChange payload size of '92' bytes is larger than the history payload size of '87' bytes and cannot be resized.[34;1m -> Function [36mcan_change_be_added_nts[m
[37;1m2026-09-24 13:02:30.710 [31;1m[[37;1mRTPS_READER_HISTORY[31;1m Error] [37mChange payload size of '92' bytes is larger than the history payload size of '87' bytes and cannot be resized.[34;1m -> Function [36mcan_change_be_added_nts[m
[37;1m2026-09-24 13:02:31.232 [31;1m[[37;1mRTPS_READER_HISTORY[31;1m Error] [37mChange payload size of '92' bytes is larger than the history payload size of '87' bytes and cannot be resized.[34;1m -> Function [36mcan_change_be_added_nts[m
[37;1m2026-09-24 13:02:31.751 [31;1m[[37;1mRTPS_READER_HISTORY[31;1m Error] [37mChange payload size of '92' bytes is larger than the history payload size of '87' bytes and cannot be resized.[34;1m -> Function [36mcan_change_be_added_nts[m
[37;1m2026-09-24 13:02:32.288 [31;1m[[37;1mRTPS_READER_HISTORY[31;1m Error] [37mChange payload size of '92' bytes is larger than the history payload size of '87' bytes and cannot be resized.[34;1m -> Function [36mcan_change_be_added_nts[m
[37;1m2026-09-24 13:02:32.819 [31;1m[[37;1mRTPS_READER_HISTORY[31;1m Error] [37mChange payload size of '92' bytes is larger than the history payload size of '87' bytes and cannot be resized.[34;1m -> Function [36mcan_change_be_added_nts[m
[37;1m2026-09-24 13:02:33.340 [31;1m[[37;1mRTPS_READER_HISTORY[31;1m Error] [37mChange payload size of '92' bytes is larger than the history payload size of '87' bytes and cannot be resized.[34;1m -> Function [36mcan_change_be_added_nts[m
[37;1m2026-09-24 13:02:33.858 [31;1m[[37;1mRTPS_READER_HISTORY[31;1m Error] [37mChange payload size of '92' bytes is larger than the history payload size of '87' bytes and cannot be resized.[34;1m -> Function [36mcan_change_be_added_nts[m
[37;1m2026-09-24 13:02:34.416 [31;1m[[37;1mRTPS_READER_HISTORY[31;1m Error] [37mChange payload size of '92' bytes is larger than the history payload size of '87' bytes and cannot be resized.[34;1m -> Function [36mcan_change_be_added_nts[m
[37;1m2026-09-24 13:02:34.893 [31;1m[[37;1mRTPS_READER_HISTORY[31;1m Error] [37mChange payload size of '92' bytes is larger than the history payload size of '87' bytes and cannot be resized.[34;1m -> Function [36mcan_change_be_added_nts[m
[37;1m2026-09-24 13:02:35.419 [31;1m[[37;1mRTPS_READER_HISTORY[31;1m Error] [37mChange payload size of '92' bytes is larger than the history payload size of '87' bytes and cannot be resized.[34;1m -> Function [36mcan_change_be_added_nts[m
[37;1m2026-09-24 13:02:35.969 [31;1m[[37;1mRTPS_READER_HISTORY[31;1m Error] [37mChange payload size of '92' bytes is larger than the history payload size of '87' bytes and cannot be resized.[34;1m -> Function [36mcan_change_be_added_nts[m
[37;1m2026-09-24 13:02:36.497 [31;1m[[37;1mRTPS_READER_HISTORY[31;1m Error] [37mChange payload size of '92' bytes is larger than the history payload size of '87' bytes and cannot be resized.[34;1m -> Function [36mcan_change_be_added_nts[m
[37;1m2026-09-24 13:02:37.103 [31;1m[[37;1mRTPS_READER_HISTORY[31;1m Error] [37mChange payload size of '92' bytes is larger than the history payload size of '87' bytes and cannot be resized.[34;1m -> Function [36mcan_change_be_added_nts[m
[37;1m2026-09-24 13:02:37.546 [31;1m[[37;1mRTPS_READER_HISTORY[31;1m Error] [37mChange payload size of '92' bytes is larger than the history payload size of '87' bytes and cannot be resized.[34;1m -> Function [36mcan_change_be_added_nts[m
[37;1m2026-09-24 13:02:38.088 [31;1m[[37;1mRTPS_READER_HISTORY[31;1m Error] [37mChange payload size of '92' bytes is larger than the history payload size of '87' bytes and cannot be resized.[34;1m -> Function [36mcan_change_be_added_nts[m
[37;1m2026-09-24 13:02:38.629 [31;1m[[37;1mRTPS_READER_HISTORY[31;1m Error] [37mChange payload size of '92' bytes is larger than the history payload size of '87' bytes and cannot be resized.[34;1m -> Function [36mcan_change_be_added_nts[m
[37;1m2026-09-24 13:02:39.170 [31;1m[[37;1mRTPS_READER_HISTORY[31;1m Error] [37mChange payload size of '92' bytes is larger than the history payload size of '87' bytes and cannot be resized.[34;1m -> Function [36mcan_change_be_added_nts[m
[37;1m2026-09-24 13:02:39.670 [31;1m[[37;1mRTPS_READER_HISTORY[31;1m Error] [37mChange payload size of '92' bytes is larger than the history payload size of '87' bytes and cannot be resized.[34;1m -> Function [36mcan_change_be_added_nts[m
[37;1m2026-09-24 13:02:40.215 [31;1m[[37;1mRTPS_READER_HISTORY[31;1m Error] [37mChange payload size of '92' bytes is larger than the history payload size of '87' bytes and cannot be resized.[34;1m -> Function [36mcan_change_be_added_nts[m
[37;1m2026-09-24 13:02:40.742 [31;1m[[37;1mRTPS_READER_HISTORY[31;1m Error] [37mChange payload size of '92' bytes is larger than the history payload size of '87' bytes and cannot be resized.[34;1m -> Function [36mcan_change_be_added_nts[m
[37;1m2026-09-24 13:02:41.276 [31;1m[[37;1mRTPS_READER_HISTORY[31;1m Error] [37mChange payload size of '92' bytes is larger than the history payload size of '87' bytes and cannot be resized.[34;1m -> Function [36mcan_change_be_added_nts[m
[37;1m2026-09-24 13:02:41.786 [31;1m[[37;1mRTPS_READER_HISTORY[31;1m Error] [37mChange payload size of '92' bytes is larger than the history payload size of '87' bytes and cannot be resized.[34;1m -> Function [36mcan_change_be_added_nts[m
[37;1m2026-09-24 13:02:42.310 [31;1m[[37;1mRTPS_READER_HISTORY[31;1m Error] [37mChange payload size of '92' bytes is larger than the history payload size of '87' bytes and cannot be resized.[34;1m -> Function [36mcan_change_be_added_nts[m
[37;1m2026-09-24 13:02:42.841 [31;1m[[37;1mRTPS_READER_HISTORY[31;1m Error] [37mChange payload size of '92' bytes is larger than the history payload size of '87' bytes and cannot be resized.[34;1m -> Function [36mcan_change_be_added_nts[m
[37;1m2026-09-24 13:02:43.349 [31;1m[[37;1mRTPS_READER_HISTORY[31;1m Error] [37mChange payload size of '92' bytes is larger than the history payload size of '87' bytes and cannot be resized.[34;1m -> Function [36mcan_change_be_added_nts[m
[37;1m2026-09-24 13:02:43.903 [31;1m[[37;1mRTPS_READER_HISTORY[31;1m Error] [37mChange payload size of '92' bytes is larger than the history payload size of '87' bytes and cannot be resized.[34;1m -> Function [36mcan_change_be_added_nts[m
[37;1m2026-09-24 13:02:44.406 [31;1m[[37;1mRTPS_READER_HISTORY[31;1m Error] [37mChange payload size of '92' bytes is larger than the history payload size of '87' bytes and cannot be resized.[34;1m -> Function [36mcan_change_be_added_nts[m
[37;1m2026-09-24 13:02:44.937 [31;1m[[37;1mRTPS_READER_HISTORY[31;1m Error] [37mChange payload size of '92' bytes is larger than the history payload size of '87' bytes and cannot be resized.[34;1m -> Function [36mcan_change_be_added_nts[m
[37;1m2026-09-24 13:02:45.501 [31;1m[[37;1mRTPS_READER_HISTORY[31;1m Error] [37mChange payload size of '92' bytes is larger than the history payload size of '87' bytes and cannot be resized.[34;1m -> Function [36mcan_change_be_added_nts[m
[37;1m2026-09-24 13:02:46.096 [31;1m[[37;1mRTPS_READER_HISTORY[31;1m Error] [37mChange payload size of '92' bytes is larger than the history payload size of '87' bytes and cannot be resized.[34;1m -> Function [36mcan_change_be_added_nts[m
[37;1m2026-09-24 13:02:46.531 [31;1m[[37;1mRTPS_READER_HISTORY[31;1m Error] [37mChange payload size of '92' bytes is larger than the history payload size of '87' bytes and cannot be resized.[34;1m -> Function [36mcan_change_be_added_nts[m
[37;1m2026-09-24 13:02:47.064 [31;1m[[37;1mRTPS_READER_HISTORY[31;1m Error] [37mChange payload size of '92' bytes is larger than the history payload size of '87' bytes and cannot be resized.[34;1m -> Function [36mcan_change_be_added_nts[m
[37;1m2026-09-24 13:02:47.612 [31;1m[[37;1mRTPS_READER_HISTORY[31;1m Error] [37mChange payload size of '92' bytes is larger than the history payload size of '87' bytes and cannot be resized.[34;1m -> Function [36mcan_change_be_added_nts[m
[37;1m2026-09-24 13:02:48.144 [31;1m[[37;1mRTPS_READER_HISTORY[31;1m Error] [37mChange payload size of '92' bytes is larger than the history payload size of '87' bytes and cannot be resized.[34;1m -> Function [36mcan_change_be_added_nts[m
[37;1m2026-09-24 13:02:48.686 [31;1m[[37;1mRTPS_READER_HISTORY[31;1m Error] [37mChange payload size of '92' bytes is larger than the history payload size of '87' bytes and cannot be resized.[34;1m -> Function [36mcan_change_be_added_nts[m
[37;1m2026-09-24 13:02:49.193 [31;1m[[37;1mRTPS_READER_HISTORY[31;1m Error] [37mChange payload size of '92' bytes is larger than the history payload size of '87' bytes and cannot be resized.[34;1m -> Function [36mcan_change_be_added_nts[m
[37;1m2026-09-24 13:02:49.712 [31;1m[[37;1mRTPS_READER_HISTORY[31;1m Error] [37mChange payload size of '92' bytes is larger than the history payload size of '87' bytes and cannot be resized.[34;1m -> Function [36mcan_change_be_added_nts[m
[37;1m2026-09-24 13:02:50.239 [31;1m[[37;1mRTPS_READER_HISTORY[31;1m Error] [37mChange payload size of '92' bytes is larger than the history payload size of '87' bytes and cannot be resized.[34;1m -> Function [36mcan_change_be_added_nts[m
[37;1m2026-09-24 13:02:50.782 [31;1m[[37;1mRTPS_READER_HISTORY[31;1m Error] [37mChange payload size of '92' bytes is larger than the history payload size of '87' bytes and cannot be resized.[34;1m -> Function [36mcan_change_be_added_nts[m
[37;1m2026-09-24 13:02:51.290 [31;1m[[37;1mRTPS_READER_HISTORY[31;1m Error] [37mChange payload size of '92' bytes is larger than the history payload size of '87' bytes and cannot be resized.[34;1m -> Function [36mcan_change_be_added_nts[m
[37;1m2026-09-24 13:02:51.824 [31;1m[[37;1mRTPS_READER_HISTORY[31;1m Error] [37mChange payload size of '92' bytes is larger than the history payload size of '87' bytes and cannot be resized.[34;1m -> Function [36mcan_change_be_added_nts[m
[37;1m2026-09-24 13:02:52.353 [31;1m[[37;1mRTPS_READER_HISTORY[31;1m Error] [37mChange payload size of '92' bytes is larger than the history payload size of '87' bytes and cannot be resized.[34;1m -> Function [36mcan_change_be_added_nts[m
[37;1m2026-09-24 13:02:52.877 [31;1m[[37;1mRTPS_READER_HISTORY[31;1m Error] [37mChange payload size of '92' bytes is larger than the history payload size of '87' bytes and cannot be resized.[34;1m -> Function [36mcan_change_be_added_nts[m
[37;1m2026-09-24 13:02:53.439 [31;1m[[37;1mRTPS_READER_HISTORY[31;1m Error] [37mChange payload size of '92' bytes is larger than the history payload size of '87' bytes and cannot be resized.[34;1m -> Function [36mcan_change_be_added_nts[m
[37;1m2026-09-24 13:02:53.960 [31;1m[[37;1mRTPS_READER_HISTORY[31;1m Error] [37mChange payload size of '92' bytes is larger than the history payload size of '87' bytes and cannot be resized.[34;1m -> Function [36mcan_change_be_added_nts[m
[37;1m2026-09-24 13:02:54.450 [31;1m[[37;1mRTPS_READER_HISTORY[31;1m Error] [37mChange payload size of '92' bytes is larger than the history payload size of '87' bytes and cannot be resized.[34;1m -> Function [36mcan_change_be_added_nts[m
[37;1m2026-09-24 13:02:54.972 [31;1m[[37;1mRTPS_READER_HISTORY[31;1m Error] [37mChange payload size of '92' bytes is larger than the history payload size of '87' bytes and cannot be resized.[34;1m -> Function [36mcan_change_be_added_nts[m
[37;1m2026-09-24 13:02:55.496 [31;1m[[37;1mRTPS_READER_HISTORY[31;1m Error] [37mChange payload size of '92' bytes is larger than the history payload size of '87' bytes and cannot be resized.[34;1m -> Function [36mcan_change_be_added_nts[m
[37;1m2026-09-24 13:02:56.043 [31;1m[[37;1mRTPS_READER_HISTORY[31;1m Error] [37mChange payload size of '92' bytes is larger than the history payload size of '87' bytes and cannot be resized.[34;1m -> Function [36mcan_change_be_added_nts[m
[37;1m2026-09-24 13:02:56.571 [31;1m[[37;1mRTPS_READER_HISTORY[31;1m Error] [37mChange payload size of '92' bytes is larger than the history payload size of '87' bytes and cannot be resized.[34;1m -> Function [36mcan_change_be_added_nts[m
[37;1m2026-09-24 13:02:57.111 [31;1m[[37;1mRTPS_READER_HISTORY[31;1m Error] [37mChange payload size of '92' bytes is larger than the history payload size of '87' bytes and cannot be resized.[34;1m -> Function [36mcan_change_be_added_nts[m
[37;1m2026-09-24 13:02:57.639 [31;1m[[37;1mRTPS_READER_HISTORY[31;1m Error] [37mChange payload size of '92' bytes is larger than the history payload size of '87' bytes and cannot be resized.[34;1m -> Function [36mcan_change_be_added_nts[m
[37;1m2026-09-24 13:02:58.168 [31;1m[[37;1mRTPS_READER_HISTORY[31;1m Error] [37mChange payload size of '92' bytes is larger than the history payload size of '87' bytes and cannot be resized.[34;1m -> Function [36mcan_change_be_added_nts[m
[37;1m2026-09-24 13:02:58.708 [31;1m[[37;1mRTPS_READER_HISTORY[31;1m Error] [37mChange payload size of '92' bytes is larger than the history payload size of '87' bytes and cannot be resized.[34;1m -> Function [36mcan_change_be_added_nts[m
[37;1m2026-09-24 13:02:59.229 [31;1m[[37;1mRTPS_READER_HISTORY[31;1m Error] [37mChange payload size of '92' bytes is larger than the history payload size of '87' bytes and cannot be resized.[34;1m -> Function [36mcan_change_be_added_nts[m
[37;1m2026-09-24 13:02:59.760 [31;1m[[37;1mRTPS_READER_HISTORY[31;1m Error] [37mChange payload size of '92' bytes is larger than the history payload size of '87' bytes and cannot be resized.[34;1m -> Function [36mcan_change_be_added_nts[m
[37;1m2026-09-24 13:03:00.305 [31;1m[[37;1mRTPS_READER_HISTORY[31;1m Error] [37mChange payload size of '92' bytes is larger than the history payload size of '87' bytes and cannot be resized.[34;1m -> Function [36mcan_change_be_added_nts[m
[37;1m2026-09-24 13:03:00.839 [31;1m[[37;1mRTPS_READER_HISTORY[31;1m Error] [37mChange payload size of '92' bytes is larger than the history payload size of '87' bytes and cannot be resized.[34;1m -> Function [36mcan_change_be_added_nts[m
[37;1m2026-09-24 13:03:01.364 [31;1m[[37;1mRTPS_READER_HISTORY[31;1m Error] [37mChange payload size of '92' bytes is larger than the history payload size of '87' bytes and cannot be resized.[34;1m -> Function [36mcan_change_be_added_nts[m
[37;1m2026-09-24 13:03:01.905 [31;1m[[37;1mRTPS_READER_HISTORY[31;1m Error] [37mChange payload size of '92' bytes is larger than the history payload size of '87' bytes and cannot be resized.[34;1m -> Function [36mcan_change_be_added_nts[m
[37;1m2026-09-24 13:03:02.451 [31;1m[[37;1mRTPS_READER_HISTORY[31;1m Error] [37mChange payload size of '92' bytes is larger than the history payload size of '87' bytes and cannot be resized.[34;1m -> Function [36mcan_change_be_added_nts[m
[37;1m2026-09-24 13:03:02.981 [31;1m[[37;1mRTPS_READER_HISTORY[31;1m Error] [37mChange payload size of '92' bytes is larger than the history payload size of '87' bytes and cannot be resized.[34;1m -> Function [36mcan_change_be_added_nts[m
[37;1m2026-09-24 13:03:03.493 [31;1m[[37;1mRTPS_READER_HISTORY[31;1m Error] [37mChange payload size of '92' bytes is larger than the history payload size of '87' bytes and cannot be resized.[34;1m -> Function [36mcan_change_be_added_nts[m
[37;1m2026-09-24 13:03:04.024 [31;1m[[37;1mRTPS_READER_HISTORY[31;1m Error] [37mChange payload size of '92' bytes is larger than the history payload size of '87' bytes and cannot be resized.[34;1m -> Function [36mcan_change_be_added_nts[m
[37;1m2026-09-24 13:03:04.566 [31;1m[[37;1mRTPS_READER_HISTORY[31;1m Error] [37mChange payload size of '92' bytes is larger than the history payload size of '87' bytes and cannot be resized.[34;1m -> Function [36mcan_change_be_added_nts[m
[37;1m2026-09-24 13:03:05.237 [31;1m[[37;1mRTPS_READER_HISTORY[31;1m Error] [37mChange payload size of '92' bytes is larger than the history payload size of '87' bytes and cannot be resized.[34;1m -> Function [36mcan_change_be_added_nts[m
[37;1m2026-09-24 13:03:05.596 [31;1m[[37;1mRTPS_READER_HISTORY[31;1m Error] [37mChange payload size of '92' bytes is larger than the history payload size of '87' bytes and cannot be resized.[34;1m -> Function [36mcan_change_be_added_nts[m
[37;1m2026-09-24 13:03:06.132 [31;1m[[37;1mRTPS_READER_HISTORY[31;1m Error] [37mChange payload size of '92' bytes is larger than the history payload size of '87' bytes and cannot be resized.[34;1m -> Function [36mcan_change_be_added_nts[m
[37;1m2026-09-24 13:03:06.676 [31;1m[[37;1mRTPS_READER_HISTORY[31;1m Error] [37mChange payload size of '92' bytes is larger than the history payload size of '87' bytes and cannot be resized.[34;1m -> Function [36mcan_change_be_added_nts[m
[37;1m2026-09-24 13:03:07.192 [31;1m[[37;1mRTPS_READER_HISTORY[31;1m Error] [37mChange payload size of '92' bytes is larger than the history payload size of '87' bytes and cannot be resized.[34;1m -> Function [36mcan_change_be_added_nts[m
[37;1m2026-09-24 13:03:07.719 [31;1m[[37;1mRTPS_READER_HISTORY[31;1m Error] [37mChange payload size of '92' bytes is larger than the history payload size of '87' bytes and cannot be resized.[34;1m -> Function [36mcan_change_be_added_nts[m
[37;1m2026-09-24 13:03:08.225 [31;1m[[37;1mRTPS_READER_HISTORY[31;1m Error] [37mChange payload size of '92' bytes is larger than the history payload size of '87' bytes and cannot be resized.[34;1m -> Function [36mcan_change_be_added_nts[m
[37;1m2026-09-24 13:03:08.763 [31;1m[[37;1mRTPS_READER_HISTORY[31;1m Error] [37mChange payload size of '92' bytes is larger than the history payload size of '87' bytes and cannot be resized.[34;1m -> Function [36mcan_change_be_added_nts[m
[37;1m2026-09-24 13:03:09.284 [31;1m[[37;1mRTPS_READER_HISTORY[31;1m Error] [37mChange payload size of '92' bytes is larger than the history payload size of '87' bytes and cannot be resized.[34;1m -> Function [36mcan_change_be_added_nts[m
[37;1m2026-09-24 13:03:09.979 [31;1m[[37;1mRTPS_READER_HISTORY[31;1m Error] [37mChange payload size of '92' bytes is larger than the history payload size of '87' bytes and cannot be resized.[34;1m -> Function [36mcan_change_be_added_nts[m
[37;1m2026-09-24 13:03:10.360 [31;1m[[37;1mRTPS_READER_HISTORY[31;1m Error] [37mChange payload size of '92' bytes is larger than the history payload size of '87' bytes and cannot be resized.[34;1m -> Function [36mcan_change_be_added_nts[m
[37;1m2026-09-24 13:03:10.888 [31;1m[[37;1mRTPS_READER_HISTORY[31;1m Error] [37mChange payload size of '92' bytes is larger than the history payload size of '87' bytes and cannot be resized.[34;1m -> Function [36mcan_change_be_added_nts[m
[37;1m2026-09-24 13:03:11.419 [31;1m[[37;1mRTPS_READER_HISTORY[31;1m Error] [37mChange payload size of '92' bytes is larger than the history payload size of '87' bytes and cannot be resized.[34;1m -> Function [36mcan_change_be_added_nts[m
[37;1m2026-09-24 13:03:11.948 [31;1m[[37;1mRTPS_READER_HISTORY[31;1m Error] [37mChange payload size of '92' bytes is larger than the history payload size of '87' bytes and cannot be resized.[34;1m -> Function [36mcan_change_be_added_nts[m
[37;1m2026-09-24 13:03:12.474 [31;1m[[37;1mRTPS_READER_HISTORY[31;1m Error] [37mChange payload size of '92' bytes is larger than the history payload size of '87' bytes and cannot be resized.[34;1m -> Function [36mcan_change_be_added_nts[m
[37;1m2026-09-24 13:03:13.005 [31;1m[[37;1mRTPS_READER_HISTORY[31;1m Error] [37mChange payload size of '92' bytes is larger than the history payload size of '87' bytes and cannot be resized.[34;1m -> Function [36mcan_change_be_added_nts[m
[37;1m2026-09-24 13:03:13.524 [31;1m[[37;1mRTPS_READER_HISTORY[31;1m Error] [37mChange payload size of '92' bytes is larger than the history payload size of '87' bytes and cannot be resized.[34;1m -> Function [36mcan_change_be_added_nts[m
[37;1m2026-09-24 13:03:14.060 [31;1m[[37;1mRTPS_READER_HISTORY[31;1m Error] [37mChange payload size of '92' bytes is larger than the history payload size of '87' bytes and cannot be resized.[34;1m -> Function [36mcan_change_be_added_nts[m
[37;1m2026-09-24 13:03:14.597 [31;1m[[37;1mRTPS_READER_HISTORY[31;1m Error] [37mChange payload size of '92' bytes is larger than the history payload size of '87' bytes and cannot be resized.[34;1m -> Function [36mcan_change_be_added_nts[m
[37;1m2026-09-24 13:03:15.119 [31;1m[[37;1mRTPS_READER_HISTORY[31;1m Error] [37mChange payload size of '92' bytes is larger than the history payload size of '87' bytes and cannot be resized.[34;1m -> Function [36mcan_change_be_added_nts[m
[37;1m2026-09-24 13:03:15.690 [31;1m[[37;1mRTPS_READER_HISTORY[31;1m Error] [37mChange payload size of '92' bytes is larger than the history payload size of '87' bytes and cannot be resized.[34;1m -> Function [36mcan_change_be_added_nts[m
[37;1m2026-09-24 13:03:16.185 [31;1m[[37;1mRTPS_READER_HISTORY[31;1m Error] [37mChange payload size of '92' bytes is larger than the history payload size of '87' bytes and cannot be resized.[34;1m -> Function [36mcan_change_be_added_nts[m
[37;1m2026-09-24 13:03:16.709 [31;1m[[37;1mRTPS_READER_HISTORY[31;1m Error] [37mChange payload size of '92' bytes is larger than the history payload size of '87' bytes and cannot be resized.[34;1m -> Function [36mcan_change_be_added_nts[m
[37;1m2026-09-24 13:03:17.230 [31;1m[[37;1mRTPS_READER_HISTORY[31;1m Error] [37mChange payload size of '92' bytes is larger than the history payload size of '87' bytes and cannot be resized.[34;1m -> Function [36mcan_change_be_added_nts[m
[37;1m2026-09-24 13:03:17.979 [31;1m[[37;1mRTPS_READER_HISTORY[31;1m Error] [37mChange payload size of '92' bytes is larger than the history payload size of '87' bytes and cannot be resized.[34;1m -> Function [36mcan_change_be_added_nts[m
[37;1m2026-09-24 13:03:18.371 [31;1m[[37;1mRTPS_READER_HISTORY[31;1m Error] [37mChange payload size of '92' bytes is larger than the history payload size of '87' bytes and cannot be resized.[34;1m -> Function [36mcan_change_be_added_nts[m
[37;1m2026-09-24 13:03:18.837 [31;1m[[37;1mRTPS_READER_HISTORY[31;1m Error] [37mChange payload size of '92' bytes is larger than the history payload size of '87' bytes and cannot be resized.[34;1m -> Function [36mcan_change_be_added_nts[m
[37;1m2026-09-24 13:03:19.372 [31;1m[[37;1mRTPS_READER_HISTORY[31;1m Error] [37mChange payload size of '92' bytes is larger than the history payload size of '87' bytes and cannot be resized.[34;1m -> Function [36mcan_change_be_added_nts[m
[37;1m2026-09-24 13:03:19.955 [31;1m[[37;1mRTPS_READER_HISTORY[31;1m Error] [37mChange payload size of '92' bytes is larger than the history payload size of '87' bytes and cannot be resized.[34;1m -> Function [36mcan_change_be_added_nts[m
[37;1m2026-09-24 13:03:20.518 [31;1m[[37;1mRTPS_READER_HISTORY[31;1m Error] [37mChange payload size of '92' bytes is larger than the history payload size of '87' bytes and cannot be resized.[34;1m -> Function [36mcan_change_be_added_nts[m
[37;1m2026-09-24 13:03:20.949 [31;1m[[37;1mRTPS_READER_HISTORY[31;1m Error] [37mChange payload size of '92' bytes is larger than the history payload size of '87' bytes and cannot be resized.[34;1m -> Function [36mcan_change_be_added_nts[m
[37;1m2026-09-24 13:03:21.491 [31;1m[[37;1mRTPS_READER_HISTORY[31;1m Error] [37mChange payload size of '92' bytes is larger than the history payload size of '87' bytes and cannot be resized.[34;1m -> Function [36mcan_change_be_added_nts[m
[37;1m2026-09-24 13:03:22.015 [31;1m[[37;1mRTPS_READER_HISTORY[31;1m Error] [37mChange payload size of '92' bytes is larger than the history payload size of '87' bytes and cannot be resized.[34;1m -> Function [36mcan_change_be_added_nts[m
[37;1m2026-09-24 13:03:22.988 [31;1m[[37;1mRTPS_READER_HISTORY[31;1m Error] [37mChange payload size of '92' bytes is larger than the history payload size of '87' bytes and cannot be resized.[34;1m -> Function [36mcan_change_be_added_nts[m
[37;1m2026-09-24 13:03:23.269 [31;1m[[37;1mRTPS_READER_HISTORY[31;1m Error] [37mChange payload size of '92' bytes is larger than the history payload size of '87' bytes and cannot be resized.[34;1m -> Function [36mcan_change_be_added_nts[m
[37;1m2026-09-24 13:03:23.569 [31;1m[[37;1mRTPS_READER_HISTORY[31;1m Error] [37mChange payload size of '92' bytes is larger than the history payload size of '87' bytes and cannot be resized.[34;1m -> Function [36mcan_change_be_added_nts[m
[37;1m2026-09-24 13:03:24.100 [31;1m[[37;1mRTPS_READER_HISTORY[31;1m Error] [37mChange payload size of '92' bytes is larger than the history payload size of '87' bytes and cannot be resized.[34;1m -> Function [36mcan_change_be_added_nts[m
[37;1m2026-09-24 13:03:24.753 [31;1m[[37;1mRTPS_READER_HISTORY[31;1m Error] [37mChange payload size of '92' bytes is larger than the history payload size of '87' bytes and cannot be resized.[34;1m -> Function [36mcan_change_be_added_nts[m
[37;1m2026-09-24 13:03:25.361 [31;1m[[37;1mRTPS_READER_HISTORY[31;1m Error] [37mChange payload size of '92' bytes is larger than the history payload size of '87' bytes and cannot be resized.[34;1m -> Function [36mcan_change_be_added_nts[m
[37;1m2026-09-24 13:03:25.682 [31;1m[[37;1mRTPS_READER_HISTORY[31;1m Error] [37mChange payload size of '92' bytes is larger than the history payload size of '87' bytes and cannot be resized.[34;1m -> Function [36mcan_change_be_added_nts[m
[37;1m2026-09-24 13:03:26.205 [31;1m[[37;1mRTPS_READER_HISTORY[31;1m Error] [37mChange payload size of '92' bytes is larger than the history payload size of '87' bytes and cannot be resized.[34;1m -> Function [36mcan_change_be_added_nts[m
[37;1m2026-09-24 13:03:26.753 [31;1m[[37;1mRTPS_READER_HISTORY[31;1m Error] [37mChange payload size of '92' bytes is larger than the history payload size of '87' bytes and cannot be resized.[34;1m -> Function [36mcan_change_be_added_nts[m
[37;1m2026-09-24 13:03:27.436 [31;1m[[37;1mRTPS_READER_HISTORY[31;1m Error] [37mChange payload size of '92' bytes is larger than the history payload size of '87' bytes and cannot be resized.[34;1m -> Function [36mcan_change_be_added_nts[m
[37;1m2026-09-24 13:03:27.796 [31;1m[[37;1mRTPS_READER_HISTORY[31;1m Error] [37mChange payload size of '92' bytes is larger than the history payload size of '87' bytes and cannot be resized.[34;1m -> Function [36mcan_change_be_added_nts[m
[37;1m2026-09-24 13:03:28.333 [31;1m[[37;1mRTPS_READER_HISTORY[31;1m Error] [37mChange payload size of '92' bytes is larger than the history payload size of '87' bytes and cannot be resized.[34;1m -> Function [36mcan_change_be_added_nts[m
[37;1m2026-09-24 13:03:28.860 [31;1m[[37;1mRTPS_READER_HISTORY[31;1m Error] [37mChange payload size of '92' bytes is larger than the history payload size of '87' bytes and cannot be resized.[34;1m -> Function [36mcan_change_be_added_nts[m
[37;1m2026-09-24 13:03:29.373 [31;1m[[37;1mRTPS_READER_HISTORY[31;1m Error] [37mChange payload size of '92' bytes is larger than the history payload size of '87' bytes and cannot be resized.[34;1m -> Function [36mcan_change_be_added_nts[m
[37;1m2026-09-24 13:03:30.211 [31;1m[[37;1mRTPS_READER_HISTORY[31;1m Error] [37mChange payload size of '92' bytes is larger than the history payload size of '87' bytes and cannot be resized.[34;1m -> Function [36mcan_change_be_added_nts[m
[37;1m2026-09-24 13:03:30.425 [31;1m[[37;1mRTPS_READER_HISTORY[31;1m Error] [37mChange payload size of '92' bytes is larger than the history payload size of '87' bytes and cannot be resized.[34;1m -> Function [36mcan_change_be_added_nts[m
[37;1m2026-09-24 13:03:30.970 [31;1m[[37;1mRTPS_READER_HISTORY[31;1m Error] [37mChange payload size of '92' bytes is larger than the history payload size of '87' bytes and cannot be resized.[34;1m -> Function [36mcan_change_be_added_nts[m
[37;1m2026-09-24 13:03:31.491 [31;1m[[37;1mRTPS_READER_HISTORY[31;1m Error] [37mChange payload size of '92' bytes is larger than the history payload size of '87' bytes and cannot be resized.[34;1m -> Function [36mcan_change_be_added_nts[m
[37;1m2026-09-24 13:03:32.087 [31;1m[[37;1mRTPS_READER_HISTORY[31;1m Error] [37mChange payload size of '92' bytes is larger than the history payload size of '87' bytes and cannot be resized.[34;1m -> Function [36mcan_change_be_added_nts[m
[37;1m2026-09-24 13:03:32.855 [31;1m[[37;1mRTPS_READER_HISTORY[31;1m Error] [37mChange payload size of '92' bytes is larger than the history payload size of '87' bytes and cannot be resized.[34;1m -> Function [36mcan_change_be_added_nts[m
[37;1m2026-09-24 13:03:33.107 [31;1m[[37;1mRTPS_READER_HISTORY[31;1m Error] [37mChange payload size of '92' bytes is larger than the history payload size of '87' bytes and cannot be resized.[34;1m -> Function [36mcan_change_be_added_nts[m
[37;1m2026-09-24 13:03:33.313 [31;1m[[37;1mRTPS_READER_HISTORY[31;1m Error] [37mChange payload size of '92' bytes is larger than the history payload size of '87' bytes and cannot be resized.[34;1m -> Function [36mcan_change_be_added_nts[m
[37;1m2026-09-24 13:03:33.826 [31;1m[[37;1mRTPS_READER_HISTORY[31;1m Error] [37mChange payload size of '92' bytes is larger than the history payload size of '87' bytes and cannot be resized.[34;1m -> Function [36mcan_change_be_added_nts[m
[37;1m2026-09-24 13:03:34.440 [31;1m[[37;1mRTPS_READER_HISTORY[31;1m Error] [37mChange payload size of '92' bytes is larger than the history payload size of '87' bytes and cannot be resized.[34;1m -> Function [36mcan_change_be_added_nts[m
[37;1m2026-09-24 13:03:34.929 [31;1m[[37;1mRTPS_READER_HISTORY[31;1m Error] [37mChange payload size of '92' bytes is larger than the history payload size of '87' bytes and cannot be resized.[34;1m -> Function [36mcan_change_be_added_nts[m
[37;1m2026-09-24 13:03:35.410 [31;1m[[37;1mRTPS_READER_HISTORY[31;1m Error] [37mChange payload size of '92' bytes is larger than the history payload size of '87' bytes and cannot be resized.[34;1m -> Function [36mcan_change_be_added_nts[m
[37;1m2026-09-24 13:03:35.944 [31;1m[[37;1mRTPS_READER_HISTORY[31;1m Error] [37mChange payload size of '92' bytes is larger than the history payload size of '87' bytes and cannot be resized.[34;1m -> Function [36mcan_change_be_added_nts[m
[37;1m2026-09-24 13:03:36.478 [31;1m[[37;1mRTPS_READER_HISTORY[31;1m Error] [37mChange payload size of '92' bytes is larger than the history payload size of '87' bytes and cannot be resized.[34;1m -> Function [36mcan_change_be_added_nts[m
[37;1m2026-09-24 13:03:37.011 [31;1m[[37;1mRTPS_READER_HISTORY[31;1m Error] [37mChange payload size of '92' bytes is larger than the history payload size of '87' bytes and cannot be resized.[34;1m -> Function [36mcan_change_be_added_nts[m
[37;1m2026-09-24 13:03:37.503 [31;1m[[37;1mRTPS_READER_HISTORY[31;1m Error] [37mChange payload size of '92' bytes is larger than the history payload size of '87' bytes and cannot be resized.[34;1m -> Function [36mcan_change_be_added_nts[m
[37;1m2026-09-24 13:03:38.029 [31;1m[[37;1mRTPS_READER_HISTORY[31;1m Error] [37mChange payload size of '92' bytes is larger than the history payload size of '87' bytes and cannot be resized.[34;1m -> Function [36mcan_change_be_added_nts[m
[37;1m2026-09-24 13:03:38.560 [31;1m[[37;1mRTPS_READER_HISTORY[31;1m Error] [37mChange payload size of '92' bytes is larger than the history payload size of '87' bytes and cannot be resized.[34;1m -> Function [36mcan_change_be_added_nts[m
[37;1m2026-09-24 13:03:39.128 [31;1m[[37;1mRTPS_READER_HISTORY[31;1m Error] [37mChange payload size of '92' bytes is larger than the history payload size of '87' bytes and cannot be resized.[34;1m -> Function [36mcan_change_be_added_nts[m
[37;1m2026-09-24 13:03:39.642 [31;1m[[37;1mRTPS_READER_HISTORY[31;1m Error] [37mChange payload size of '92' bytes is larger than the history payload size of '87' bytes and cannot be resized.[34;1m -> Function [36mcan_change_be_added_nts[m
[37;1m2026-09-24 13:03:40.138 [31;1m[[37;1mRTPS_READER_HISTORY[31;1m Error] [37mChange payload size of '92' bytes is larger than the history payload size of '87' bytes and cannot be resized.[34;1m -> Function [36mcan_change_be_added_nts[m
[37;1m2026-09-24 13:03:40.662 [31;1m[[37;1mRTPS_READER_HISTORY[31;1m Error] [37mChange payload size of '92' bytes is larger than the history payload size of '87' bytes and cannot be resized.[34;1m -> Function [36mcan_change_be_added_nts[m
[37;1m2026-09-24 13:03:41.190 [31;1m[[37;1mRTPS_READER_HISTORY[31;1m Error] [37mChange payload size of '92' bytes is larger than the history payload size of '87' bytes and cannot be resized.[34;1m -> Function [36mcan_change_be_added_nts[m
[37;1m2026-09-24 13:03:42.001 [31;1m[[37;1mRTPS_READER_HISTORY[31;1m Error] [37mChange payload size of '92' bytes is larger than the history payload size of '87' bytes and cannot be resized.[34;1m -> Function [36mcan_change_be_added_nts[m
[37;1m2026-09-24 13:03:42.242 [31;1m[[37;1mRTPS_READER_HISTORY[31;1m Error] [37mChange payload size of '92' bytes is larger than the history payload size of '87' bytes and cannot be resized.[34;1m -> Function [36mcan_change_be_added_nts[m
[37;1m2026-09-24 13:03:42.768 [31;1m[[37;1mRTPS_READER_HISTORY[31;1m Error] [37mChange payload size of '92' bytes is larger than the history payload size of '87' bytes and cannot be resized.[34;1m -> Function [36mcan_change_be_added_nts[m
[37;1m2026-09-24 13:03:43.305 [31;1m[[37;1mRTPS_READER_HISTORY[31;1m Error] [37mChange payload size of '92' bytes is larger than the history payload size of '87' bytes and cannot be resized.[34;1m -> Function [36mcan_change_be_added_nts[m
[37;1m2026-09-24 13:03:44.094 [31;1m[[37;1mRTPS_READER_HISTORY[31;1m Error] [37mChange payload size of '92' bytes is larger than the history payload size of '87' bytes and cannot be resized.[34;1m -> Function [36mcan_change_be_added_nts[m
[37;1m2026-09-24 13:03:44.415 [31;1m[[37;1mRTPS_READER_HISTORY[31;1m Error] [37mChange payload size of '92' bytes is larger than the history payload size of '87' bytes and cannot be resized.[34;1m -> Function [36mcan_change_be_added_nts[m
[37;1m2026-09-24 13:03:44.902 [31;1m[[37;1mRTPS_READER_HISTORY[31;1m Error] [37mChange payload size of '92' bytes is larger than the history payload size of '87' bytes and cannot be resized.[34;1m -> Function [36mcan_change_be_added_nts[m
[37;1m2026-09-24 13:03:45.422 [31;1m[[37;1mRTPS_READER_HISTORY[31;1m Error] [37mChange payload size of '92' bytes is larger than the history payload size of '87' bytes and cannot be resized.[34;1m -> Function [36mcan_change_be_added_nts[m
[37;1m2026-09-24 13:03:45.959 [31;1m[[37;1mRTPS_READER_HISTORY[31;1m Error] [37mChange payload size of '92' bytes is larger than the history payload size of '87' bytes and cannot be resized.[34;1m -> Function [36mcan_change_be_added_nts[m
[37;1m2026-09-24 13:03:46.657 [31;1m[[37;1mRTPS_READER_HISTORY[31;1m Error] [37mChange payload size of '92' bytes is larger than the history payload size of '87' bytes and cannot be resized.[34;1m -> Function [36mcan_change_be_added_nts[m
[37;1m2026-09-24 13:03:46.983 [31;1m[[37;1mRTPS_READER_HISTORY[31;1m Error] [37mChange payload size of '92' bytes is larger than the history payload size of '87' bytes and cannot be resized.[34;1m -> Function [36mcan_change_be_added_nts[m
[37;1m2026-09-24 13:03:47.535 [31;1m[[37;1mRTPS_READER_HISTORY[31;1m Error] [37mChange payload size of '92' bytes is larger than the history payload size of '87' bytes and cannot be resized.[34;1m -> Function [36mcan_change_be_added_nts[m
[37;1m2026-09-24 13:03:48.072 [31;1m[[37;1mRTPS_READER_HISTORY[31;1m Error] [37mChange payload size of '92' bytes is larger than the history payload size of '87' bytes and cannot be resized.[34;1m -> Function [36mcan_change_be_added_nts[m
[37;1m2026-09-24 13:03:49.000 [31;1m[[37;1mRTPS_READER_HISTORY[31;1m Error] [37mChange payload size of '92' bytes is larger than the history payload size of '87' bytes and cannot be resized.[34;1m -> Function [36mcan_change_be_added_nts[m
[37;1m2026-09-24 13:03:49.176 [31;1m[[37;1mRTPS_READER_HISTORY[31;1m Error] [37mChange payload size of '92' bytes is larger than the history payload size of '87' bytes and cannot be resized.[34;1m -> Function [36mcan_change_be_added_nts[m
[37;1m2026-09-24 13:03:49.649 [31;1m[[37;1mRTPS_READER_HISTORY[31;1m Error] [37mChange payload size of '92' bytes is larger than the history payload size of '87' bytes and cannot be resized.[34;1m -> Function [36mcan_change_be_added_nts[m
[37;1m2026-09-24 13:03:50.158 [31;1m[[37;1mRTPS_READER_HISTORY[31;1m Error] [37mChange payload size of '92' bytes is larger than the history payload size of '87' bytes and cannot be resized.[34;1m -> Function [36mcan_change_be_added_nts[m
[37;1m2026-09-24 13:03:50.806 [31;1m[[37;1mRTPS_READER_HISTORY[31;1m Error] [37mChange payload size of '92' bytes is larger than the history payload size of '87' bytes and cannot be resized.[34;1m -> Function [36mcan_change_be_added_nts[m
[37;1m2026-09-24 13:03:51.247 [31;1m[[37;1mRTPS_READER_HISTORY[31;1m Error] [37mChange payload size of '92' bytes is larger than the history payload size of '87' bytes and cannot be resized.[34;1m -> Function [36mcan_change_be_added_nts[m
[37;1m2026-09-24 13:03:51.720 [31;1m[[37;1mRTPS_READER_HISTORY[31;1m Error] [37mChange payload size of '92' bytes is larger than the history payload size of '87' bytes and cannot be resized.[34;1m -> Function [36mcan_change_be_added_nts[m
[37;1m2026-09-24 13:03:52.255 [31;1m[[37;1mRTPS_READER_HISTORY[31;1m Error] [37mChange payload size of '92' bytes is larger than the history payload size of '87' bytes and cannot be resized.[34;1m -> Function [36mcan_change_be_added_nts[m
[37;1m2026-09-24 13:03:52.800 [31;1m[[37;1mRTPS_READER_HISTORY[31;1m Error] [37mChange payload size of '92' bytes is larger than the history payload size of '87' bytes and cannot be resized.[34;1m -> Function [36mcan_change_be_added_nts[m
[37;1m2026-09-24 13:03:53.414 [31;1m[[37;1mRTPS_READER_HISTORY[31;1m Error] [37mChange payload size of '92' bytes is larger than the history payload size of '87' bytes and cannot be resized.[34;1m -> Function [36mcan_change_be_added_nts[m
[37;1m2026-09-24 13:03:53.884 [31;1m[[37;1mRTPS_READER_HISTORY[31;1m Error] [37mChange payload size of '92' bytes is larger than the history payload size of '87' bytes and cannot be resized.[34;1m -> Function [36mcan_change_be_added_nts[m
[37;1m2026-09-24 13:03:54.421 [31;1m[[37;1mRTPS_READER_HISTORY[31;1m Error] [37mChange payload size of '92' bytes is larger than the history payload size of '87' bytes and cannot be resized.[34;1m -> Function [36mcan_change_be_added_nts[m
[37;1m2026-09-24 13:03:54.977 [31;1m[[37;1mRTPS_READER_HISTORY[31;1m Error] [37mChange payload size of '92' bytes is larger than the history payload size of '87' bytes and cannot be resized.[34;1m -> Function [36mcan_change_be_added_nts[m
[INFO] [1790269435.003994178] [rosbag2_cpp]: Writing remaining messages from cache to the bag. It may take a while
[INFO] [1790269435.005363151] [rosbag2_recorder]: Event publisher thread: Exiting
[INFO] [1790269435.005407874] [rosbag2_recorder]: Recording stopped
